Archive member included because of file (symbol)

c:/devkitPro/libogc/lib/wii\libgrrlib.a(GRRLIB_bmf.o)
                              main.o (GRRLIB_InitTileSet)
c:/devkitPro/libogc/lib/wii\libgrrlib.a(GRRLIB_core.o)
                              main.o (GRRLIB_Exit)
c:/devkitPro/libogc/lib/wii\libgrrlib.a(GRRLIB_fbAdvanced.o)
                              render.o (GRRLIB_Circle)
c:/devkitPro/libogc/lib/wii\libgrrlib.a(GRRLIB_print.o)
                              main.o (GRRLIB_Printf)
c:/devkitPro/libogc/lib/wii\libgrrlib.a(GRRLIB_render.o)
                              c:/devkitPro/libogc/lib/wii\libgrrlib.a(GRRLIB_print.o) (GRRLIB_DrawTile)
c:/devkitPro/libogc/lib/wii\libgrrlib.a(GRRLIB_texEdit.o)
                              main.o (GRRLIB_LoadTexture)
c:/devkitPro/libogc/lib/wii\libgrrlib.a(GRRLIB_ttf.o)
                              c:/devkitPro/libogc/lib/wii\libgrrlib.a(GRRLIB_core.o) (GRRLIB_InitTTF)
c:/devkitPro/libogc/lib/wii\libfreetype.a(ftinit.o)
                              c:/devkitPro/libogc/lib/wii\libgrrlib.a(GRRLIB_ttf.o) (FT_Init_FreeType)
c:/devkitPro/libogc/lib/wii\libfreetype.a(ftbase.o)
                              c:/devkitPro/libogc/lib/wii\libgrrlib.a(GRRLIB_ttf.o) (FT_Load_Glyph)
c:/devkitPro/libogc/lib/wii\libfreetype.a(truetype.o)
                              c:/devkitPro/libogc/lib/wii\libfreetype.a(ftinit.o) (tt_driver_class)
c:/devkitPro/libogc/lib/wii\libfreetype.a(type1.o)
                              c:/devkitPro/libogc/lib/wii\libfreetype.a(ftinit.o) (t1_driver_class)
c:/devkitPro/libogc/lib/wii\libfreetype.a(cff.o)
                              c:/devkitPro/libogc/lib/wii\libfreetype.a(ftinit.o) (cff_driver_class)
c:/devkitPro/libogc/lib/wii\libfreetype.a(type1cid.o)
                              c:/devkitPro/libogc/lib/wii\libfreetype.a(ftinit.o) (t1cid_driver_class)
c:/devkitPro/libogc/lib/wii\libfreetype.a(pfr.o)
                              c:/devkitPro/libogc/lib/wii\libfreetype.a(ftinit.o) (pfr_driver_class)
c:/devkitPro/libogc/lib/wii\libfreetype.a(type42.o)
                              c:/devkitPro/libogc/lib/wii\libfreetype.a(ftinit.o) (t42_driver_class)
c:/devkitPro/libogc/lib/wii\libfreetype.a(winfnt.o)
                              c:/devkitPro/libogc/lib/wii\libfreetype.a(ftinit.o) (winfnt_driver_class)
c:/devkitPro/libogc/lib/wii\libfreetype.a(pcf.o)
                              c:/devkitPro/libogc/lib/wii\libfreetype.a(ftinit.o) (pcf_driver_class)
c:/devkitPro/libogc/lib/wii\libfreetype.a(bdf.o)
                              c:/devkitPro/libogc/lib/wii\libfreetype.a(ftinit.o) (bdf_driver_class)
c:/devkitPro/libogc/lib/wii\libfreetype.a(sfnt.o)
                              c:/devkitPro/libogc/lib/wii\libfreetype.a(ftinit.o) (sfnt_module_class)
c:/devkitPro/libogc/lib/wii\libfreetype.a(autofit.o)
                              c:/devkitPro/libogc/lib/wii\libfreetype.a(ftinit.o) (autofit_module_class)
c:/devkitPro/libogc/lib/wii\libfreetype.a(pshinter.o)
                              c:/devkitPro/libogc/lib/wii\libfreetype.a(ftinit.o) (pshinter_module_class)
c:/devkitPro/libogc/lib/wii\libfreetype.a(raster.o)
                              c:/devkitPro/libogc/lib/wii\libfreetype.a(ftinit.o) (ft_raster1_renderer_class)
c:/devkitPro/libogc/lib/wii\libfreetype.a(smooth.o)
                              c:/devkitPro/libogc/lib/wii\libfreetype.a(ftinit.o) (ft_smooth_renderer_class)
c:/devkitPro/libogc/lib/wii\libfreetype.a(ftgzip.o)
                              c:/devkitPro/libogc/lib/wii\libfreetype.a(pcf.o) (FT_Stream_OpenGzip)
c:/devkitPro/libogc/lib/wii\libfreetype.a(ftlzw.o)
                              c:/devkitPro/libogc/lib/wii\libfreetype.a(pcf.o) (FT_Stream_OpenLZW)
c:/devkitPro/libogc/lib/wii\libfreetype.a(psaux.o)
                              c:/devkitPro/libogc/lib/wii\libfreetype.a(ftinit.o) (psaux_module_class)
c:/devkitPro/libogc/lib/wii\libfreetype.a(psnames.o)
                              c:/devkitPro/libogc/lib/wii\libfreetype.a(ftinit.o) (psnames_module_class)
c:/devkitPro/libogc/lib/wii\libfreetype.a(ftsystem.o)
                              c:/devkitPro/libogc/lib/wii\libfreetype.a(ftbase.o) (FT_Stream_Open)
c:/devkitPro/libogc/lib/wii\libpngu.a(pngu.o)
                              c:/devkitPro/libogc/lib/wii\libgrrlib.a(GRRLIB_texEdit.o) (PNGU_SelectImageFromBuffer)
c:/devkitPro/libogc/lib/wii\libpng.a(png.o)
                              c:/devkitPro/libogc/lib/wii\libpngu.a(pngu.o) (png_set_sig_bytes)
c:/devkitPro/libogc/lib/wii\libpng.a(pngerror.o)
                              c:/devkitPro/libogc/lib/wii\libpng.a(png.o) (png_error)
c:/devkitPro/libogc/lib/wii\libpng.a(pngget.o)
                              c:/devkitPro/libogc/lib/wii\libpngu.a(pngu.o) (png_get_rowbytes)
c:/devkitPro/libogc/lib/wii\libpng.a(pngmem.o)
                              c:/devkitPro/libogc/lib/wii\libpng.a(png.o) (png_create_struct)
[...]
Memory Configuration

Name             Origin             Length             Attributes
*default*        0x00000000         0xffffffff

Linker script and memory map

                0x00003400                . = 0x3400

.stub
 *(.stub)
                0x80004000                . = 0x80004000

.init           0x80004000      0x194
 *crt0.o(*.init)
 .init          0x80004000      0x170 c:/devkitPro/libogc/lib/wii\libogc.a(ogc_crt0.o)
                0x80004000                _start
                0x80004140                _memset
 *(.init)
 .init          0x80004170        0xc c:/devkitpro/devkitppc/bin/../lib/gcc/powerpc-eabi/4.5.1/ecrti.o
                0x80004170                __init
 .init          0x8000417c        0x4 c:/devkitpro/devkitppc/bin/../lib/gcc/powerpc-eabi/4.5.1/crtbegin.o
 .init          0x80004180        0x4 c:/devkitpro/devkitppc/bin/../lib/gcc/powerpc-eabi/4.5.1/crtend.o
 .init          0x80004184       0x10 c:/devkitpro/devkitppc/bin/../lib/gcc/powerpc-eabi/4.5.1/ecrtn.o

.rela.dyn       0x80004194        0x0
 .rela.iplt     0x00000000        0x0 c:/devkitpro/devkitppc/bin/../lib/gcc/powerpc-eabi/4.5.1/crtbegin.o

.plt
 *(.plt)

.interp
 *(.interp)

.hash
 *(.hash)

.dynsym
 *(.dynsym)

.dynstr
 *(.dynstr)

.gnu.version
 *(.gnu.version)

.gnu.version_d
 *(.gnu.version_d)

.gnu.version_r
 *(.gnu.version_r)

.rel.init
 *(.rel.init)

.rela.init      0x80004194        0x0
 *(.rela.init)
 .rela.init     0x00000000        0x0 c:/devkitpro/devkitppc/bin/../lib/gcc/powerpc-eabi/4.5.1/crtbegin.o

.rel.text
 *(.rel.text .rel.text.* .rel.gnu.linkonce.t.*)

.rela.text      0x80004194        0x0
 *(.rela.text .rela.text.* .rela.gnu.linkonce.t.*)
 .rela.text     0x00000000        0x0 c:/devkitpro/devkitppc/bin/../lib/gcc/powerpc-eabi/4.5.1/crtbegin.o
 .rela.text.main
                0x00000000        0x0 c:/devkitpro/devkitppc/bin/../lib/gcc/powerpc-eabi/4.5.1/crtbegin.o
 .rela.text.initializeGrid
                0x00000000        0x0 c:/devkitpro/devkitppc/bin/../lib/gcc/powerpc-eabi/4.5.1/crtbegin.o
 .rela.text.drawGrid
                0x00000000        0x0 c:/devkitpro/devkitppc/bin/../lib/gcc/powerpc-eabi/4.5.1/crtbegin.o
 .rela.text.warpGrid
                0x00000000        0x0 c:/devkitpro/devkitppc/bin/../lib/gcc/powerpc-eabi/4.5.1/crtbegin.o
 .rela.text.renderShip
                0x00000000        0x0 c:/devkitpro/devkitppc/bin/../lib/gcc/powerpc-eabi/4.5.1/crtbegin.o
 .rela.text.renderPlanets
                0x00000000        0x0 c:/devkitpro/devkitppc/bin/../lib/gcc/powerpc-eabi/4.5.1/crtbegin.o
 .rela.text.render
                0x00000000        0x0 c:/devkitpro/devkitppc/bin/../lib/gcc/powerpc-eabi/4.5.1/crtbegin.o
 .rela.text.renderHealth
                0x00000000        0x0 c:/devkitpro/devkitppc/bin/../lib/gcc/powerpc-eabi/4.5.1/crtbegin.o
 .rela.text.doMechanics
                0x00000000        0x0 c:/devkitpro/devkitppc/bin/../lib/gcc/powerpc-eabi/4.5.1/crtbegin.o
 .rela.text.printPoints
                0x00000000        0x0 c:/devkitpro/devkitppc/bin/../lib/gcc/powerpc-eabi/4.5.1/crtbegin.o
 .rela.text.AI  0x00000000        0x0 c:/devkitpro/devkitppc/bin/../lib/gcc/powerpc-eabi/4.5.1/crtbegin.o
 .rela.text.displayStars
                0x00000000        0x0 c:/devkitpro/devkitppc/bin/../lib/gcc/powerpc-eabi/4.5.1/crtbegin.o
 .rela.text.displayMenuStars
                0x00000000        0x0 c:/devkitpro/devkitppc/bin/../lib/gcc/powerpc-eabi/4.5.1/crtbegin.o
 .rela.text.mainMenu
                0x00000000        0x0 c:/devkitpro/devkitppc/bin/../lib/gcc/powerpc-eabi/4.5.1/crtbegin.o
 .rela.text.GRRLIB_Rectangle.clone.1
                0x00000000        0x0 c:/devkitpro/devkitppc/bin/../lib/gcc/powerpc-eabi/4.5.1/crtbegin.o
 .rela.text.GRRLIB_Exit
                0x00000000        0x0 c:/devkitpro/devkitppc/bin/../lib/gcc/powerpc-eabi/4.5.1/crtbegin.o
 .rela.text.GRRLIB_ClipReset
                0x00000000        0x0 c:/devkitpro/devkitppc/bin/../lib/gcc/powerpc-eabi/4.5.1/crtbegin.o
 .rela.text.GRRLIB_NPlot
                0x00000000        0x0 c:/devkitpro/devkitppc/bin/../lib/gcc/powerpc-eabi/4.5.1/crtbegin.o
 .rela.text.GRRLIB_NGone
                0x00000000        0x0 c:/devkitpro/devkitppc/bin/../lib/gcc/powerpc-eabi/4.5.1/crtbegin.o
 .rela.text.GRRLIB_NGoneFilled
                0x00000000        0x0 c:/devkitpro/devkitppc/bin/../lib/gcc/powerpc-eabi/4.5.1/crtbegin.o
 .rela.text.GRRLIB_GXEngine
                0x00000000        0x0 c:/devkitpro/devkitppc/bin/../lib/gcc/powerpc-eabi/4.5.1/crtbegin.o
 .rela.text.GRRLIB_Plot
                0x00000000        0x0 c:/devkitpro/devkitppc/bin/../lib/gcc/powerpc-eabi/4.5.1/crtbegin.o
 .rela.text.GRRLIB_Line
                0x00000000        0x0 c:/devkitpro/devkitppc/bin/../lib/gcc/powerpc-eabi/4.5.1/crtbegin.o
 .rela.text.GRRLIB_Rectangle
                0x00000000        0x0 c:/devkitpro/devkitppc/bin/../lib/gcc/powerpc-eabi/4.5.1/crtbegin.o
 .rela.text.GRRLIB_FillScreen
                0x00000000        0x0 c:/devkitpro/devkitppc/bin/../lib/gcc/powerpc-eabi/4.5.1/crtbegin.o
 .rela.text.GRRLIB_SetBlend
                0x00000000        0x0 c:/devkitpro/devkitppc/bin/../lib/gcc/powerpc-eabi/4.5.1/crtbegin.o
 .rela.text.GRRLIB_GetBlend
                0x00000000        0x0 c:/devkitpro/devkitppc/bin/../lib/gcc/powerpc-eabi/4.5.1/crtbegin.o
 .rela.text.GRRLIB_SetAntiAliasing
                0x00000000        0x0 c:/devkitpro/devkitppc/bin/../lib/gcc/powerpc-eabi/4.5.1/crtbegin.o
 .rela.text.GRRLIB_GetAntiAliasing
                0x00000000        0x0 c:/devkitpro/devkitppc/bin/../lib/gcc/powerpc-eabi/4.5.1/crtbegin.o
 .rela.text.GRRLIB_Init
                0x00000000        0x0 c:/devkitpro/devkitppc/bin/../lib/gcc/powerpc-eabi/4.5.1/crtbegin.o
 .rela.text.GRRLIB_Circle
                0x00000000        0x0 c:/devkitpro/devkitppc/bin/../lib/gcc/powerpc-eabi/4.5.1/crtbegin.o
 .rela.text.GRRLIB_PrintBMF
                0x00000000        0x0 c:/devkitpro/devkitppc/bin/../lib/gcc/powerpc-eabi/4.5.1/crtbegin.o
 .rela.text.GRRLIB_DrawImg
                0x00000000        0x0 c:/devkitpro/devkitppc/bin/../lib/gcc/powerpc-eabi/4.5.1/crtbegin.o
 .rela.text.GRRLIB_DrawImgQuad
                0x00000000        0x0 c:/devkitpro/devkitppc/bin/../lib/gcc/powerpc-eabi/4.5.1/crtbegin.o
 .rela.text.GRRLIB_DrawTile
                0x00000000        0x0 c:/devkitpro/devkitppc/bin/../lib/gcc/powerpc-eabi/4.5.1/crtbegin.o
 .rela.text.GRRLIB_DrawPart
                0x00000000        0x0 c:/devkitpro/devkitppc/bin/../lib/gcc/powerpc-eabi/4.5.1/crtbegin.o
 .rela.text.GRRLIB_DrawTileQuad
                0x00000000        0x0 c:/devkitpro/devkitppc/bin/../lib/gcc/powerpc-eabi/4.5.1/crtbegin.o
 .rela.text.GRRLIB_Render
                0x00000000        0x0 c:/devkitpro/devkitppc/bin/../lib/gcc/powerpc-eabi/4.5.1/crtbegin.o
 .rela.text.GRRLIB_PrintfTTFW
                0x00000000        0x0 c:/devkitpro/devkitppc/bin/../lib/gcc/powerpc-eabi/4.5.1/crtbegin.o
 .rela.text.png_error
                0x00000000        0x0 c:/devkitpro/devkitppc/bin/../lib/gcc/powerpc-eabi/4.5.1/crtbegin.o
 .rela.text.png_warning
                0x00000000        0x0 c:/devkitpro/devkitppc/bin/../lib/gcc/powerpc-eabi/4.5.1/crtbegin.o
 .rela.text.png_benign_error
                0x00000000        0x0 c:/devkitpro/devkitppc/bin/../lib/gcc/powerpc-eabi/4.5.1/crtbegin.o
 .rela.text.png_chunk_error
                0x00000000        0x0 c:/devkitpro/devkitppc/bin/../lib/gcc/powerpc-eabi/4.5.1/crtbegin.o
 .rela.text.png_chunk_warning
                0x00000000        0x0 c:/devkitpro/devkitppc/bin/../lib/gcc/powerpc-eabi/4.5.1/crtbegin.o
 .rela.text.png_chunk_benign_error
                0x00000000        0x0 c:/devkitpro/devkitppc/bin/../lib/gcc/powerpc-eabi/4.5.1/crtbegin.o
 .rela.text.png_fixed_error
                0x00000000        0x0 c:/devkitpro/devkitppc/bin/../lib/gcc/powerpc-eabi/4.5.1/crtbegin.o
 .rela.text.png_create_read_struct_2.clone.0
                0x00000000        0x0 c:/devkitpro/devkitppc/bin/../lib/gcc/powerpc-eabi/4.5.1/crtbegin.o
 .rela.text.png_create_read_struct_2
                0x00000000        0x0 c:/devkitpro/devkitppc/bin/../lib/gcc/powerpc-eabi/4.5.1/crtbegin.o
 .rela.text.png_handle_gAMA
                0x00000000        0x0 c:/devkitpro/devkitppc/bin/../lib/gcc/powerpc-eabi/4.5.1/crtbegin.o
 .rela.text.png_handle_cHRM
                0x00000000        0x0 c:/devkitpro/devkitppc/bin/../lib/gcc/powerpc-eabi/4.5.1/crtbegin.o
 .rela.text.png_handle_sRGB
                0x00000000        0x0 c:/devkitpro/devkitppc/bin/../lib/gcc/powerpc-eabi/4.5.1/crtbegin.o
 .rela.text.png_create_write_struct_2.clone.0
                0x00000000        0x0 c:/devkitpro/devkitppc/bin/../lib/gcc/powerpc-eabi/4.5.1/crtbegin.o
 .rela.text.png_create_write_struct_2
                0x00000000        0x0 c:/devkitpro/devkitppc/bin/../lib/gcc/powerpc-eabi/4.5.1/crtbegin.o
 .rela.text.jpeg_stdio_src
                0x00000000        0x0 c:/devkitpro/devkitppc/bin/../lib/gcc/powerpc-eabi/4.5.1/crtbegin.o
 .rela.text.jpeg_mem_src
                0x00000000        0x0 c:/devkitpro/devkitppc/bin/../lib/gcc/powerpc-eabi/4.5.1/crtbegin.o
 .rela.text.consume_markers
                0x00000000        0x0 c:/devkitpro/devkitppc/bin/../lib/gcc/powerpc-eabi/4.5.1/crtbegin.o
 .rela.text.read_markers
                0x00000000        0x0 c:/devkitpro/devkitppc/bin/../lib/gcc/powerpc-eabi/4.5.1/crtbegin.o
 .rela.text.output_message
                0x00000000        0x0 c:/devkitpro/devkitppc/bin/../lib/gcc/powerpc-eabi/4.5.1/crtbegin.o
 .rela.text.arith_decode
                0x00000000        0x0 c:/devkitpro/devkitppc/bin/../lib/gcc/powerpc-eabi/4.5.1/crtbegin.o
 .rela.text.start_pass
                0x00000000        0x0 c:/devkitpro/devkitppc/bin/../lib/gcc/powerpc-eabi/4.5.1/crtbegin.o
 .rela.text.deflate_slow
                0x00000000        0x0 c:/devkitpro/devkitppc/bin/../lib/gcc/powerpc-eabi/4.5.1/crtbegin.o
 .rela.text.deflate_fast
                0x00000000        0x0 c:/devkitpro/devkitppc/bin/../lib/gcc/powerpc-eabi/4.5.1/crtbegin.o
 .rela.text.deflate
                0x00000000        0x0 c:/devkitpro/devkitppc/bin/../lib/gcc/powerpc-eabi/4.5.1/crtbegin.o
 .rela.text.deflateInit2_
                0x00000000        0x0 c:/devkitpro/devkitppc/bin/../lib/gcc/powerpc-eabi/4.5.1/crtbegin.o
 .rela.text.inflateInit2_
                0x00000000        0x0 c:/devkitpro/devkitppc/bin/../lib/gcc/powerpc-eabi/4.5.1/crtbegin.o
 .rela.text.fatUnmount
                0x00000000        0x0 c:/devkitpro/devkitppc/bin/../lib/gcc/powerpc-eabi/4.5.1/crtbegin.o
 .rela.text.fatInit
                0x00000000        0x0 c:/devkitpro/devkitppc/bin/../lib/gcc/powerpc-eabi/4.5.1/crtbegin.o
 .rela.text.fatGetVolumeLabel
                0x00000000        0x0 c:/devkitpro/devkitppc/bin/../lib/gcc/powerpc-eabi/4.5.1/crtbegin.o
 .rela.text._FAT_directory_mbsncasecmp
                0x00000000        0x0 c:/devkitpro/devkitppc/bin/../lib/gcc/powerpc-eabi/4.5.1/crtbegin.o
 .rela.text._FAT_directory_ucs2tombs.clone.4
                0x00000000        0x0 c:/devkitpro/devkitppc/bin/../lib/gcc/powerpc-eabi/4.5.1/crtbegin.o
 .rela.text._FAT_directory_addEntry
                0x00000000        0x0 c:/devkitpro/devkitppc/bin/../lib/gcc/powerpc-eabi/4.5.1/crtbegin.o
 .rela.text.get_io_wiisd
                0x00000000        0x0 c:/devkitpro/devkitppc/bin/../lib/gcc/powerpc-eabi/4.5.1/crtbegin.o
 .rela.text.get_io_usbstorage
                0x00000000        0x0 c:/devkitpro/devkitppc/bin/../lib/gcc/powerpc-eabi/4.5.1/crtbegin.o
 .rela.text.get_io_gcsda
                0x00000000        0x0 c:/devkitpro/devkitppc/bin/../lib/gcc/powerpc-eabi/4.5.1/crtbegin.o
 .rela.text.get_io_gcsdb
                0x00000000        0x0 c:/devkitpro/devkitppc/bin/../lib/gcc/powerpc-eabi/4.5.1/crtbegin.o
 .rela.text.wiiuse_handshake_expansion
                0x00000000        0x0 c:/devkitpro/devkitppc/bin/../lib/gcc/powerpc-eabi/4.5.1/crtbegin.o
 .rela.text.wiiuse_handshake
                0x00000000        0x0 c:/devkitpro/devkitppc/bin/../lib/gcc/powerpc-eabi/4.5.1/crtbegin.o
 .rela.text.wiiuse_init_cmd_queue
                0x00000000        0x0 c:/devkitpro/devkitppc/bin/../lib/gcc/powerpc-eabi/4.5.1/crtbegin.o
 .rela.text.wiiuse_init
                0x00000000        0x0 c:/devkitpro/devkitppc/bin/../lib/gcc/powerpc-eabi/4.5.1/crtbegin.o
 .rela.text.bt_alarmhandler
                0x00000000        0x0 c:/devkitpro/devkitppc/bin/../lib/gcc/powerpc-eabi/4.5.1/crtbegin.o
 .rela.text.__lwp_thread_calcheir
                0x00000000        0x0 c:/devkitpro/devkitppc/bin/../lib/gcc/powerpc-eabi/4.5.1/crtbegin.o
 .rela.text.__lwp_wd_insert_ticks.clone.2
                0x00000000        0x0 c:/devkitpro/devkitppc/bin/../lib/gcc/powerpc-eabi/4.5.1/crtbegin.o
 .rela.text.__lwp_rotate_readyqueue
                0x00000000        0x0 c:/devkitpro/devkitppc/bin/../lib/gcc/powerpc-eabi/4.5.1/crtbegin.o
 .rela.text.__lwp_thread_setpriority
                0x00000000        0x0 c:/devkitpro/devkitppc/bin/../lib/gcc/powerpc-eabi/4.5.1/crtbegin.o
 .rela.text.__lwp_thread_close
                0x00000000        0x0 c:/devkitpro/devkitppc/bin/../lib/gcc/powerpc-eabi/4.5.1/crtbegin.o
 .rela.text.__lwp_thread_closeall
                0x00000000        0x0 c:/devkitpro/devkitppc/bin/../lib/gcc/powerpc-eabi/4.5.1/crtbegin.o
 .rela.text.__lwp_thread_startmultitasking
                0x00000000        0x0 c:/devkitpro/devkitppc/bin/../lib/gcc/powerpc-eabi/4.5.1/crtbegin.o
 .rela.text.__lwp_thread_stopmultitasking
                0x00000000        0x0 c:/devkitpro/devkitppc/bin/../lib/gcc/powerpc-eabi/4.5.1/crtbegin.o
 .rela.text.__lwp_thread_coreinit
                0x00000000        0x0 c:/devkitpro/devkitppc/bin/../lib/gcc/powerpc-eabi/4.5.1/crtbegin.o
 .rela.text.__lwp_tqueue_open
                0x00000000        0x0 c:/devkitpro/devkitppc/bin/../lib/gcc/powerpc-eabi/4.5.1/crtbegin.o
 .rela.text.__lwp_cntrl_open
                0x00000000        0x0 c:/devkitpro/devkitppc/bin/../lib/gcc/powerpc-eabi/4.5.1/crtbegin.o
 .rela.text.__lwp_cntrl_free
                0x00000000        0x0 c:/devkitpro/devkitppc/bin/../lib/gcc/powerpc-eabi/4.5.1/crtbegin.o
 .rela.text.__lwp_sysinit
                0x00000000        0x0 c:/devkitpro/devkitppc/bin/../lib/gcc/powerpc-eabi/4.5.1/crtbegin.o
 .rela.text.__lwp_thread_isalive
                0x00000000        0x0 c:/devkitpro/devkitppc/bin/../lib/gcc/powerpc-eabi/4.5.1/crtbegin.o
 .rela.text.__lwp_thread_exists
                0x00000000        0x0 c:/devkitpro/devkitppc/bin/../lib/gcc/powerpc-eabi/4.5.1/crtbegin.o
 .rela.text.__lwp_thread_context
                0x00000000        0x0 c:/devkitpro/devkitppc/bin/../lib/gcc/powerpc-eabi/4.5.1/crtbegin.o
 .rela.text.LWP_CreateThread
                0x00000000        0x0 c:/devkitpro/devkitppc/bin/../lib/gcc/powerpc-eabi/4.5.1/crtbegin.o
 .rela.text.LWP_InitQueue
                0x00000000        0x0 c:/devkitpro/devkitppc/bin/../lib/gcc/powerpc-eabi/4.5.1/crtbegin.o
 .rela.text.LWP_CloseQueue
                0x00000000        0x0 c:/devkitpro/devkitppc/bin/../lib/gcc/powerpc-eabi/4.5.1/crtbegin.o
 .rela.text.__lwp_stack_allocate
                0x00000000        0x0 c:/devkitpro/devkitppc/bin/../lib/gcc/powerpc-eabi/4.5.1/crtbegin.o
 .rela.text.__lwp_stack_free
                0x00000000        0x0 c:/devkitpro/devkitppc/bin/../lib/gcc/powerpc-eabi/4.5.1/crtbegin.o
 .rela.text.__lwp_watchdog_init
                0x00000000        0x0 c:/devkitpro/devkitppc/bin/../lib/gcc/powerpc-eabi/4.5.1/crtbegin.o
 .rela.text.__lwp_wd_tickle
                0x00000000        0x0 c:/devkitpro/devkitppc/bin/../lib/gcc/powerpc-eabi/4.5.1/crtbegin.o
 .rela.text.__lwp_wkspace_heapfree
                0x00000000        0x0 c:/devkitpro/devkitppc/bin/../lib/gcc/powerpc-eabi/4.5.1/crtbegin.o
 .rela.text.__lwp_wkspace_heapused
                0x00000000        0x0 c:/devkitpro/devkitppc/bin/../lib/gcc/powerpc-eabi/4.5.1/crtbegin.o
 .rela.text.__lwp_wkspace_init
                0x00000000        0x0 c:/devkitpro/devkitppc/bin/../lib/gcc/powerpc-eabi/4.5.1/crtbegin.o
 .rela.text.__lwp_objmgr_initinfo
                0x00000000        0x0 c:/devkitpro/devkitppc/bin/../lib/gcc/powerpc-eabi/4.5.1/crtbegin.o
 .rela.text.__irq_init
                0x00000000        0x0 c:/devkitpro/devkitppc/bin/../lib/gcc/powerpc-eabi/4.5.1/crtbegin.o
 .rela.text.__lwp_mutex_open
                0x00000000        0x0 c:/devkitpro/devkitppc/bin/../lib/gcc/powerpc-eabi/4.5.1/crtbegin.o
 .rela.text.__lwp_mutex_locksupp.clone.6
                0x00000000        0x0 c:/devkitpro/devkitppc/bin/../lib/gcc/powerpc-eabi/4.5.1/crtbegin.o
 .rela.text.__lwp_mutex_init
                0x00000000        0x0 c:/devkitpro/devkitppc/bin/../lib/gcc/powerpc-eabi/4.5.1/crtbegin.o
 .rela.text.LWP_MutexInit
                0x00000000        0x0 c:/devkitpro/devkitppc/bin/../lib/gcc/powerpc-eabi/4.5.1/crtbegin.o
 .rela.text.LWP_MutexDestroy
                0x00000000        0x0 c:/devkitpro/devkitppc/bin/../lib/gcc/powerpc-eabi/4.5.1/crtbegin.o
 .rela.text.__call_resetfuncs
                0x00000000        0x0 c:/devkitpro/devkitppc/bin/../lib/gcc/powerpc-eabi/4.5.1/crtbegin.o
 .rela.text.__locksram
                0x00000000        0x0 c:/devkitpro/devkitppc/bin/../lib/gcc/powerpc-eabi/4.5.1/crtbegin.o
 .rela.text.__sys_alarmhandler
                0x00000000        0x0 c:/devkitpro/devkitppc/bin/../lib/gcc/powerpc-eabi/4.5.1/crtbegin.o
 .rela.text.__unlocksram
                0x00000000        0x0 c:/devkitpro/devkitppc/bin/../lib/gcc/powerpc-eabi/4.5.1/crtbegin.o
 .rela.text.__sram_writecallback
                0x00000000        0x0 c:/devkitpro/devkitppc/bin/../lib/gcc/powerpc-eabi/4.5.1/crtbegin.o
 .rela.text.__sram_init
                0x00000000        0x0 c:/devkitpro/devkitppc/bin/../lib/gcc/powerpc-eabi/4.5.1/crtbegin.o
 .rela.text.__SYS_SyncSram
                0x00000000        0x0 c:/devkitpro/devkitppc/bin/../lib/gcc/powerpc-eabi/4.5.1/crtbegin.o
 .rela.text.SYS_Init
                0x00000000        0x0 c:/devkitpro/devkitppc/bin/../lib/gcc/powerpc-eabi/4.5.1/crtbegin.o
 .rela.text.SYS_SetAlarm
                0x00000000        0x0 c:/devkitpro/devkitppc/bin/../lib/gcc/powerpc-eabi/4.5.1/crtbegin.o
 .rela.text.SYS_SetPeriodicAlarm
                0x00000000        0x0 c:/devkitpro/devkitppc/bin/../lib/gcc/powerpc-eabi/4.5.1/crtbegin.o
 .rela.text.SYS_RemoveAlarm
                0x00000000        0x0 c:/devkitpro/devkitppc/bin/../lib/gcc/powerpc-eabi/4.5.1/crtbegin.o
 .rela.text.SYS_CancelAlarm
                0x00000000        0x0 c:/devkitpro/devkitppc/bin/../lib/gcc/powerpc-eabi/4.5.1/crtbegin.o
 .rela.text.__lwp_cond_open
                0x00000000        0x0 c:/devkitpro/devkitppc/bin/../lib/gcc/powerpc-eabi/4.5.1/crtbegin.o
 .rela.text.__lwp_cond_init
                0x00000000        0x0 c:/devkitpro/devkitppc/bin/../lib/gcc/powerpc-eabi/4.5.1/crtbegin.o
 .rela.text.LWP_CondInit
                0x00000000        0x0 c:/devkitpro/devkitppc/bin/../lib/gcc/powerpc-eabi/4.5.1/crtbegin.o
 .rela.text.LWP_CondDestroy
                0x00000000        0x0 c:/devkitpro/devkitppc/bin/../lib/gcc/powerpc-eabi/4.5.1/crtbegin.o
 .rela.text.__GX_FifoLink
                0x00000000        0x0 c:/devkitpro/devkitppc/bin/../lib/gcc/powerpc-eabi/4.5.1/crtbegin.o
 .rela.text.__GX_WriteFifoIntEnable
                0x00000000        0x0 c:/devkitpro/devkitppc/bin/../lib/gcc/powerpc-eabi/4.5.1/crtbegin.o
 .rela.text.__GX_FifoReadEnable
                0x00000000        0x0 c:/devkitpro/devkitppc/bin/../lib/gcc/powerpc-eabi/4.5.1/crtbegin.o
 .rela.text.__GX_FifoReadDisable
                0x00000000        0x0 c:/devkitpro/devkitppc/bin/../lib/gcc/powerpc-eabi/4.5.1/crtbegin.o
 .rela.text.__GX_InitRevBits
                0x00000000        0x0 c:/devkitpro/devkitppc/bin/../lib/gcc/powerpc-eabi/4.5.1/crtbegin.o
 .rela.text.__GXDefTexRegionCallback
                0x00000000        0x0 c:/devkitpro/devkitppc/bin/../lib/gcc/powerpc-eabi/4.5.1/crtbegin.o
 .rela.text.__GXDefTlutRegionCallback
                0x00000000        0x0 c:/devkitpro/devkitppc/bin/../lib/gcc/powerpc-eabi/4.5.1/crtbegin.o
 .rela.text.__GX_FlushTextureState
                0x00000000        0x0 c:/devkitpro/devkitppc/bin/../lib/gcc/powerpc-eabi/4.5.1/crtbegin.o
 .rela.text.__GX_SetMatrixIndex
                0x00000000        0x0 c:/devkitpro/devkitppc/bin/../lib/gcc/powerpc-eabi/4.5.1/crtbegin.o
 .rela.text.__SetSURegs
                0x00000000        0x0 c:/devkitpro/devkitppc/bin/../lib/gcc/powerpc-eabi/4.5.1/crtbegin.o
 .rela.text.__GX_SetDirtyState
                0x00000000        0x0 c:/devkitpro/devkitppc/bin/../lib/gcc/powerpc-eabi/4.5.1/crtbegin.o
 .rela.text.__SETVCDATTR
                0x00000000        0x0 c:/devkitpro/devkitppc/bin/../lib/gcc/powerpc-eabi/4.5.1/crtbegin.o
 .rela.text.__SETVCDFMT
                0x00000000        0x0 c:/devkitpro/devkitppc/bin/../lib/gcc/powerpc-eabi/4.5.1/crtbegin.o
 .rela.text.__GX_WriteFifoIntReset.clone.1
                0x00000000        0x0 c:/devkitpro/devkitppc/bin/../lib/gcc/powerpc-eabi/4.5.1/crtbegin.o
 .rela.text.__GXCPInterruptHandler
                0x00000000        0x0 c:/devkitpro/devkitppc/bin/../lib/gcc/powerpc-eabi/4.5.1/crtbegin.o
 .rela.text.GX_Flush
                0x00000000        0x0 c:/devkitpro/devkitppc/bin/../lib/gcc/powerpc-eabi/4.5.1/crtbegin.o
 .rela.text.GX_EnableBreakPt
                0x00000000        0x0 c:/devkitpro/devkitppc/bin/../lib/gcc/powerpc-eabi/4.5.1/crtbegin.o
 .rela.text.GX_DisableBreakPt
                0x00000000        0x0 c:/devkitpro/devkitppc/bin/../lib/gcc/powerpc-eabi/4.5.1/crtbegin.o
 .rela.text.GX_AbortFrame
                0x00000000        0x0 c:/devkitpro/devkitppc/bin/../lib/gcc/powerpc-eabi/4.5.1/crtbegin.o
 .rela.text.GX_PixModeSync
                0x00000000        0x0 c:/devkitpro/devkitppc/bin/../lib/gcc/powerpc-eabi/4.5.1/crtbegin.o
 .rela.text.GX_SetMisc
                0x00000000        0x0 c:/devkitpro/devkitppc/bin/../lib/gcc/powerpc-eabi/4.5.1/crtbegin.o
 .rela.text.GX_SetCopyClamp
                0x00000000        0x0 c:/devkitpro/devkitppc/bin/../lib/gcc/powerpc-eabi/4.5.1/crtbegin.o
 .rela.text.GX_SetDispCopyGamma
                0x00000000        0x0 c:/devkitpro/devkitppc/bin/../lib/gcc/powerpc-eabi/4.5.1/crtbegin.o
 .rela.text.GX_SetDispCopyFrame2Field
                0x00000000        0x0 c:/devkitpro/devkitppc/bin/../lib/gcc/powerpc-eabi/4.5.1/crtbegin.o
 .rela.text.GX_SetDispCopyYScale
                0x00000000        0x0 c:/devkitpro/devkitppc/bin/../lib/gcc/powerpc-eabi/4.5.1/crtbegin.o
 .rela.text.GX_SetDispCopyDst
                0x00000000        0x0 c:/devkitpro/devkitppc/bin/../lib/gcc/powerpc-eabi/4.5.1/crtbegin.o
 .rela.text.GX_SetDispCopySrc
                0x00000000        0x0 c:/devkitpro/devkitppc/bin/../lib/gcc/powerpc-eabi/4.5.1/crtbegin.o
 .rela.text.GX_CopyDisp
                0x00000000        0x0 c:/devkitpro/devkitppc/bin/../lib/gcc/powerpc-eabi/4.5.1/crtbegin.o
 .rela.text.GX_CopyTex
                0x00000000        0x0 c:/devkitpro/devkitppc/bin/../lib/gcc/powerpc-eabi/4.5.1/crtbegin.o
 .rela.text.GX_SetTexCopySrc
                0x00000000        0x0 c:/devkitpro/devkitppc/bin/../lib/gcc/powerpc-eabi/4.5.1/crtbegin.o
 .rela.text.GX_SetTexCopyDst
                0x00000000        0x0 c:/devkitpro/devkitppc/bin/../lib/gcc/powerpc-eabi/4.5.1/crtbegin.o
 .rela.text.GX_BeginDispList
                0x00000000        0x0 c:/devkitpro/devkitppc/bin/../lib/gcc/powerpc-eabi/4.5.1/crtbegin.o
 .rela.text.GX_EndDispList
                0x00000000        0x0 c:/devkitpro/devkitppc/bin/../lib/gcc/powerpc-eabi/4.5.1/crtbegin.o
 .rela.text.GX_CallDispList
                0x00000000        0x0 c:/devkitpro/devkitppc/bin/../lib/gcc/powerpc-eabi/4.5.1/crtbegin.o
 .rela.text.GX_SetChanCtrl
                0x00000000        0x0 c:/devkitpro/devkitppc/bin/../lib/gcc/powerpc-eabi/4.5.1/crtbegin.o
 .rela.text.GX_SetChanAmbColor
                0x00000000        0x0 c:/devkitpro/devkitppc/bin/../lib/gcc/powerpc-eabi/4.5.1/crtbegin.o
 .rela.text.GX_SetChanMatColor
                0x00000000        0x0 c:/devkitpro/devkitppc/bin/../lib/gcc/powerpc-eabi/4.5.1/crtbegin.o
 .rela.text.GX_SetVtxDesc
                0x00000000        0x0 c:/devkitpro/devkitppc/bin/../lib/gcc/powerpc-eabi/4.5.1/crtbegin.o
 .rela.text.GX_SetVtxDescv
                0x00000000        0x0 c:/devkitpro/devkitppc/bin/../lib/gcc/powerpc-eabi/4.5.1/crtbegin.o
 .rela.text.GX_GetVtxDescv
                0x00000000        0x0 c:/devkitpro/devkitppc/bin/../lib/gcc/powerpc-eabi/4.5.1/crtbegin.o
 .rela.text.GX_SetVtxAttrFmt
                0x00000000        0x0 c:/devkitpro/devkitppc/bin/../lib/gcc/powerpc-eabi/4.5.1/crtbegin.o
 .rela.text.GX_SetVtxAttrFmtv
                0x00000000        0x0 c:/devkitpro/devkitppc/bin/../lib/gcc/powerpc-eabi/4.5.1/crtbegin.o
 .rela.text.GX_Begin
                0x00000000        0x0 c:/devkitpro/devkitppc/bin/../lib/gcc/powerpc-eabi/4.5.1/crtbegin.o
 .rela.text.GX_SetTexCoordGen2
                0x00000000        0x0 c:/devkitpro/devkitppc/bin/../lib/gcc/powerpc-eabi/4.5.1/crtbegin.o
 .rela.text.GX_SetCurrentMtx
                0x00000000        0x0 c:/devkitpro/devkitppc/bin/../lib/gcc/powerpc-eabi/4.5.1/crtbegin.o
 .rela.text.GX_SetNumTexGens
                0x00000000        0x0 c:/devkitpro/devkitppc/bin/../lib/gcc/powerpc-eabi/4.5.1/crtbegin.o
 .rela.text.GX_SetZMode
                0x00000000        0x0 c:/devkitpro/devkitppc/bin/../lib/gcc/powerpc-eabi/4.5.1/crtbegin.o
 .rela.text.GX_LoadTexObjPreloaded
                0x00000000        0x0 c:/devkitpro/devkitppc/bin/../lib/gcc/powerpc-eabi/4.5.1/crtbegin.o
 .rela.text.GX_SetTexCoordScaleManually
                0x00000000        0x0 c:/devkitpro/devkitppc/bin/../lib/gcc/powerpc-eabi/4.5.1/crtbegin.o
 .rela.text.GX_SetTexCoordCylWrap
                0x00000000        0x0 c:/devkitpro/devkitppc/bin/../lib/gcc/powerpc-eabi/4.5.1/crtbegin.o
 .rela.text.GX_SetTexCoordBias
                0x00000000        0x0 c:/devkitpro/devkitppc/bin/../lib/gcc/powerpc-eabi/4.5.1/crtbegin.o
 .rela.text.GX_SetBlendMode
                0x00000000        0x0 c:/devkitpro/devkitppc/bin/../lib/gcc/powerpc-eabi/4.5.1/crtbegin.o
 .rela.text.GX_ClearVtxDesc
                0x00000000        0x0 c:/devkitpro/devkitppc/bin/../lib/gcc/powerpc-eabi/4.5.1/crtbegin.o
 .rela.text.GX_SetLineWidth
                0x00000000        0x0 c:/devkitpro/devkitppc/bin/../lib/gcc/powerpc-eabi/4.5.1/crtbegin.o
 .rela.text.GX_SetPointSize
                0x00000000        0x0 c:/devkitpro/devkitppc/bin/../lib/gcc/powerpc-eabi/4.5.1/crtbegin.o
 .rela.text.GX_SetTevColorIn
                0x00000000        0x0 c:/devkitpro/devkitppc/bin/../lib/gcc/powerpc-eabi/4.5.1/crtbegin.o
 .rela.text.GX_SetTevAlphaIn
                0x00000000        0x0 c:/devkitpro/devkitppc/bin/../lib/gcc/powerpc-eabi/4.5.1/crtbegin.o
 .rela.text.GX_SetTevColorOp
                0x00000000        0x0 c:/devkitpro/devkitppc/bin/../lib/gcc/powerpc-eabi/4.5.1/crtbegin.o
 .rela.text.GX_SetTevAlphaOp
                0x00000000        0x0 c:/devkitpro/devkitppc/bin/../lib/gcc/powerpc-eabi/4.5.1/crtbegin.o
 .rela.text.GX_SetCullMode
                0x00000000        0x0 c:/devkitpro/devkitppc/bin/../lib/gcc/powerpc-eabi/4.5.1/crtbegin.o
 .rela.text.GX_SetCoPlanar
                0x00000000        0x0 c:/devkitpro/devkitppc/bin/../lib/gcc/powerpc-eabi/4.5.1/crtbegin.o
 .rela.text.GX_EnableTexOffsets
                0x00000000        0x0 c:/devkitpro/devkitppc/bin/../lib/gcc/powerpc-eabi/4.5.1/crtbegin.o
 .rela.text.GX_SetScissor
                0x00000000        0x0 c:/devkitpro/devkitppc/bin/../lib/gcc/powerpc-eabi/4.5.1/crtbegin.o
 .rela.text.GX_SetNumChans
                0x00000000        0x0 c:/devkitpro/devkitppc/bin/../lib/gcc/powerpc-eabi/4.5.1/crtbegin.o
 .rela.text.GX_SetTevOrder
                0x00000000        0x0 c:/devkitpro/devkitppc/bin/../lib/gcc/powerpc-eabi/4.5.1/crtbegin.o
 .rela.text.GX_SetNumTevStages
                0x00000000        0x0 c:/devkitpro/devkitppc/bin/../lib/gcc/powerpc-eabi/4.5.1/crtbegin.o
 .rela.text.GX_SetTevKColorSel
                0x00000000        0x0 c:/devkitpro/devkitppc/bin/../lib/gcc/powerpc-eabi/4.5.1/crtbegin.o
 .rela.text.GX_SetTevKAlphaSel
                0x00000000        0x0 c:/devkitpro/devkitppc/bin/../lib/gcc/powerpc-eabi/4.5.1/crtbegin.o
 .rela.text.GX_SetTevSwapMode
                0x00000000        0x0 c:/devkitpro/devkitppc/bin/../lib/gcc/powerpc-eabi/4.5.1/crtbegin.o
 .rela.text.GX_SetTevSwapModeTable
                0x00000000        0x0 c:/devkitpro/devkitppc/bin/../lib/gcc/powerpc-eabi/4.5.1/crtbegin.o
 .rela.text.GX_SetNumIndStages
                0x00000000        0x0 c:/devkitpro/devkitppc/bin/../lib/gcc/powerpc-eabi/4.5.1/crtbegin.o
 .rela.text.GX_SetIndTexCoordScale
                0x00000000        0x0 c:/devkitpro/devkitppc/bin/../lib/gcc/powerpc-eabi/4.5.1/crtbegin.o
 .rela.text.GX_SetColorUpdate
                0x00000000        0x0 c:/devkitpro/devkitppc/bin/../lib/gcc/powerpc-eabi/4.5.1/crtbegin.o
 .rela.text.GX_SetAlphaUpdate
                0x00000000        0x0 c:/devkitpro/devkitppc/bin/../lib/gcc/powerpc-eabi/4.5.1/crtbegin.o
 .rela.text.GX_SetZCompLoc
                0x00000000        0x0 c:/devkitpro/devkitppc/bin/../lib/gcc/powerpc-eabi/4.5.1/crtbegin.o
 .rela.text.GX_SetPixelFmt
                0x00000000        0x0 c:/devkitpro/devkitppc/bin/../lib/gcc/powerpc-eabi/4.5.1/crtbegin.o
 .rela.text.GX_SetDither
                0x00000000        0x0 c:/devkitpro/devkitppc/bin/../lib/gcc/powerpc-eabi/4.5.1/crtbegin.o
 .rela.text.GX_SetDstAlpha
                0x00000000        0x0 c:/devkitpro/devkitppc/bin/../lib/gcc/powerpc-eabi/4.5.1/crtbegin.o
 .rela.text.GX_SetFieldMode
                0x00000000        0x0 c:/devkitpro/devkitppc/bin/../lib/gcc/powerpc-eabi/4.5.1/crtbegin.o
 .rela.text.GX_SetIndTexOrder
                0x00000000        0x0 c:/devkitpro/devkitppc/bin/../lib/gcc/powerpc-eabi/4.5.1/crtbegin.o
 .rela.text.GX_SetGPMetric
                0x00000000        0x0 c:/devkitpro/devkitppc/bin/../lib/gcc/powerpc-eabi/4.5.1/crtbegin.o
 .rela.text.GX_Init
                0x00000000        0x0 c:/devkitpro/devkitppc/bin/../lib/gcc/powerpc-eabi/4.5.1/crtbegin.o
 .rela.text.GX_ReadGPMetric
                0x00000000        0x0 c:/devkitpro/devkitppc/bin/../lib/gcc/powerpc-eabi/4.5.1/crtbegin.o
 .rela.text.c_decrementer_handler
                0x00000000        0x0 c:/devkitpro/devkitppc/bin/../lib/gcc/powerpc-eabi/4.5.1/crtbegin.o
 .rela.text.__lwp_mqbox_open
                0x00000000        0x0 c:/devkitpro/devkitppc/bin/../lib/gcc/powerpc-eabi/4.5.1/crtbegin.o
 .rela.text.__lwp_mqbox_free
                0x00000000        0x0 c:/devkitpro/devkitppc/bin/../lib/gcc/powerpc-eabi/4.5.1/crtbegin.o
 .rela.text.__lwp_mqbox_init
                0x00000000        0x0 c:/devkitpro/devkitppc/bin/../lib/gcc/powerpc-eabi/4.5.1/crtbegin.o
 .rela.text.MQ_Init
                0x00000000        0x0 c:/devkitpro/devkitppc/bin/../lib/gcc/powerpc-eabi/4.5.1/crtbegin.o
 .rela.text.__lwp_wkspace_free
                0x00000000        0x0 c:/devkitpro/devkitppc/bin/../lib/gcc/powerpc-eabi/4.5.1/crtbegin.o
 .rela.text.__ios_ioctlvformat_parse
                0x00000000        0x0 c:/devkitpro/devkitppc/bin/../lib/gcc/powerpc-eabi/4.5.1/crtbegin.o
 .rela.text.IOS_IoctlvFormat
                0x00000000        0x0 c:/devkitpro/devkitppc/bin/../lib/gcc/powerpc-eabi/4.5.1/crtbegin.o
 .rela.text.IOS_IoctlvFormatAsync
                0x00000000        0x0 c:/devkitpro/devkitppc/bin/../lib/gcc/powerpc-eabi/4.5.1/crtbegin.o
 .rela.text.nanosleep
                0x00000000        0x0 c:/devkitpro/devkitppc/bin/../lib/gcc/powerpc-eabi/4.5.1/crtbegin.o
 .rela.text.__libc_delete_hook
                0x00000000        0x0 c:/devkitpro/devkitppc/bin/../lib/gcc/powerpc-eabi/4.5.1/crtbegin.o
 .rela.text.__libc_init
                0x00000000        0x0 c:/devkitpro/devkitppc/bin/../lib/gcc/powerpc-eabi/4.5.1/crtbegin.o
 .rela.text.__libc_wrapup
                0x00000000        0x0 c:/devkitpro/devkitppc/bin/../lib/gcc/powerpc-eabi/4.5.1/crtbegin.o
 .rela.text.__CheckARGV
                0x00000000        0x0 c:/devkitpro/devkitppc/bin/../lib/gcc/powerpc-eabi/4.5.1/crtbegin.o
 .rela.text.__lwp_priority_init
                0x00000000        0x0 c:/devkitpro/devkitppc/bin/../lib/gcc/powerpc-eabi/4.5.1/crtbegin.o
 .rela.text.__lwp_wd_remove_ticks
                0x00000000        0x0 c:/devkitpro/devkitppc/bin/../lib/gcc/powerpc-eabi/4.5.1/crtbegin.o
 .rela.text.__lwp_threadqueue_enqueue
                0x00000000        0x0 c:/devkitpro/devkitppc/bin/../lib/gcc/powerpc-eabi/4.5.1/crtbegin.o
 .rela.text.__lwpmq_initialize
                0x00000000        0x0 c:/devkitpro/devkitppc/bin/../lib/gcc/powerpc-eabi/4.5.1/crtbegin.o
 .rela.text.__lwpmq_close
                0x00000000        0x0 c:/devkitpro/devkitppc/bin/../lib/gcc/powerpc-eabi/4.5.1/crtbegin.o
 .rela.text.__systemcall_init
                0x00000000        0x0 c:/devkitpro/devkitppc/bin/../lib/gcc/powerpc-eabi/4.5.1/crtbegin.o
 .rela.text.__exception_init
                0x00000000        0x0 c:/devkitpro/devkitppc/bin/../lib/gcc/powerpc-eabi/4.5.1/crtbegin.o
 .rela.text.__exception_close
                0x00000000        0x0 c:/devkitpro/devkitppc/bin/../lib/gcc/powerpc-eabi/4.5.1/crtbegin.o
 .rela.text.__exception_sethandler
                0x00000000        0x0 c:/devkitpro/devkitppc/bin/../lib/gcc/powerpc-eabi/4.5.1/crtbegin.o
 .rela.text.__lwp_sema_open
                0x00000000        0x0 c:/devkitpro/devkitppc/bin/../lib/gcc/powerpc-eabi/4.5.1/crtbegin.o
 .rela.text.__lwp_sema_init
                0x00000000        0x0 c:/devkitpro/devkitppc/bin/../lib/gcc/powerpc-eabi/4.5.1/crtbegin.o
 .rela.text.LWP_SemInit
                0x00000000        0x0 c:/devkitpro/devkitppc/bin/../lib/gcc/powerpc-eabi/4.5.1/crtbegin.o
 .rela.text.LWP_SemDestroy
                0x00000000        0x0 c:/devkitpro/devkitppc/bin/../lib/gcc/powerpc-eabi/4.5.1/crtbegin.o
 .rela.text.kprintf
                0x00000000        0x0 c:/devkitpro/devkitppc/bin/../lib/gcc/powerpc-eabi/4.5.1/crtbegin.o
 .rela.text.__card_readcid
                0x00000000        0x0 c:/devkitpro/devkitppc/bin/../lib/gcc/powerpc-eabi/4.5.1/crtbegin.o
 .rela.text.__card_readcsd
                0x00000000        0x0 c:/devkitpro/devkitppc/bin/../lib/gcc/powerpc-eabi/4.5.1/crtbegin.o
 .rela.text.__card_sd_status
                0x00000000        0x0 c:/devkitpro/devkitppc/bin/../lib/gcc/powerpc-eabi/4.5.1/crtbegin.o
 .rela.text.sdgecko_initIO
                0x00000000        0x0 c:/devkitpro/devkitppc/bin/../lib/gcc/powerpc-eabi/4.5.1/crtbegin.o
 .rela.text.__console_init
                0x00000000        0x0 c:/devkitpro/devkitppc/bin/../lib/gcc/powerpc-eabi/4.5.1/crtbegin.o
 .rela.text.__console_init_ex
                0x00000000        0x0 c:/devkitpro/devkitppc/bin/../lib/gcc/powerpc-eabi/4.5.1/crtbegin.o
 .rela.text.CON_EnableGecko
                0x00000000        0x0 c:/devkitpro/devkitppc/bin/../lib/gcc/powerpc-eabi/4.5.1/crtbegin.o
 .rela.text.asine
                0x00000000        0x0 c:/devkitpro/devkitppc/bin/../lib/gcc/powerpc-eabi/4.5.1/crtbegin.o
 .rela.text.atangent
                0x00000000        0x0 c:/devkitpro/devkitppc/bin/../lib/gcc/powerpc-eabi/4.5.1/crtbegin.o
 .rela.text.calloc
                0x00000000        0x0 c:/devkitpro/devkitppc/bin/../lib/gcc/powerpc-eabi/4.5.1/crtbegin.o
 .rela.text.__errno
                0x00000000        0x0 c:/devkitpro/devkitppc/bin/../lib/gcc/powerpc-eabi/4.5.1/crtbegin.o
 .rela.text.exit
                0x00000000        0x0 c:/devkitpro/devkitppc/bin/../lib/gcc/powerpc-eabi/4.5.1/crtbegin.o
 .rela.text.fclose
                0x00000000        0x0 c:/devkitpro/devkitppc/bin/../lib/gcc/powerpc-eabi/4.5.1/crtbegin.o
 .rela.text.fflush
                0x00000000        0x0 c:/devkitpro/devkitppc/bin/../lib/gcc/powerpc-eabi/4.5.1/crtbegin.o
 .rela.text._cleanup
                0x00000000        0x0 c:/devkitpro/devkitppc/bin/../lib/gcc/powerpc-eabi/4.5.1/crtbegin.o
 .rela.text.__sinit
                0x00000000        0x0 c:/devkitpro/devkitppc/bin/../lib/gcc/powerpc-eabi/4.5.1/crtbegin.o
 .rela.text.__sfp
                0x00000000        0x0 c:/devkitpro/devkitppc/bin/../lib/gcc/powerpc-eabi/4.5.1/crtbegin.o
 .rela.text.__fp_lock_all
                0x00000000        0x0 c:/devkitpro/devkitppc/bin/../lib/gcc/powerpc-eabi/4.5.1/crtbegin.o
 .rela.text.__fp_unlock_all
                0x00000000        0x0 c:/devkitpro/devkitppc/bin/../lib/gcc/powerpc-eabi/4.5.1/crtbegin.o
 .rela.text._fopen_r
                0x00000000        0x0 c:/devkitpro/devkitppc/bin/../lib/gcc/powerpc-eabi/4.5.1/crtbegin.o
 .rela.text.fopen
                0x00000000        0x0 c:/devkitpro/devkitppc/bin/../lib/gcc/powerpc-eabi/4.5.1/crtbegin.o
 .rela.text.fprintf
                0x00000000        0x0 c:/devkitpro/devkitppc/bin/../lib/gcc/powerpc-eabi/4.5.1/crtbegin.o
 .rela.text.fputc
                0x00000000        0x0 c:/devkitpro/devkitppc/bin/../lib/gcc/powerpc-eabi/4.5.1/crtbegin.o
 .rela.text.fputs
                0x00000000        0x0 c:/devkitpro/devkitppc/bin/../lib/gcc/powerpc-eabi/4.5.1/crtbegin.o
 .rela.text.fread
                0x00000000        0x0 c:/devkitpro/devkitppc/bin/../lib/gcc/powerpc-eabi/4.5.1/crtbegin.o
 .rela.text._malloc_trim_r
                0x00000000        0x0 c:/devkitpro/devkitppc/bin/../lib/gcc/powerpc-eabi/4.5.1/crtbegin.o
 .rela.text._free_r
                0x00000000        0x0 c:/devkitpro/devkitppc/bin/../lib/gcc/powerpc-eabi/4.5.1/crtbegin.o
 .rela.text._fseek_r
                0x00000000        0x0 c:/devkitpro/devkitppc/bin/../lib/gcc/powerpc-eabi/4.5.1/crtbegin.o
 .rela.text.fseek
                0x00000000        0x0 c:/devkitpro/devkitppc/bin/../lib/gcc/powerpc-eabi/4.5.1/crtbegin.o
 .rela.text.ftell
                0x00000000        0x0 c:/devkitpro/devkitppc/bin/../lib/gcc/powerpc-eabi/4.5.1/crtbegin.o
 .rela.text.fwrite
                0x00000000        0x0 c:/devkitpro/devkitppc/bin/../lib/gcc/powerpc-eabi/4.5.1/crtbegin.o
 .rela.text._findenv
                0x00000000        0x0 c:/devkitpro/devkitppc/bin/../lib/gcc/powerpc-eabi/4.5.1/crtbegin.o
 .rela.text.getenv
                0x00000000        0x0 c:/devkitpro/devkitppc/bin/../lib/gcc/powerpc-eabi/4.5.1/crtbegin.o
 .rela.text._findenv_r
                0x00000000        0x0 c:/devkitpro/devkitppc/bin/../lib/gcc/powerpc-eabi/4.5.1/crtbegin.o
 .rela.text.gmtime
                0x00000000        0x0 c:/devkitpro/devkitppc/bin/../lib/gcc/powerpc-eabi/4.5.1/crtbegin.o
 .rela.text.loadlocale
                0x00000000        0x0 c:/devkitpro/devkitppc/bin/../lib/gcc/powerpc-eabi/4.5.1/crtbegin.o
 .rela.text.__smakebuf_r
                0x00000000        0x0 c:/devkitpro/devkitppc/bin/../lib/gcc/powerpc-eabi/4.5.1/crtbegin.o
 .rela.text._mbrtowc_r
                0x00000000        0x0 c:/devkitpro/devkitppc/bin/../lib/gcc/powerpc-eabi/4.5.1/crtbegin.o
 .rela.text.mbrtowc
                0x00000000        0x0 c:/devkitpro/devkitppc/bin/../lib/gcc/powerpc-eabi/4.5.1/crtbegin.o
 .rela.text._mbstowcs_r
                0x00000000        0x0 c:/devkitpro/devkitppc/bin/../lib/gcc/powerpc-eabi/4.5.1/crtbegin.o
 .rela.text.mktime
                0x00000000        0x0 c:/devkitpro/devkitppc/bin/../lib/gcc/powerpc-eabi/4.5.1/crtbegin.o
 .rela.text._mktm_r
                0x00000000        0x0 c:/devkitpro/devkitppc/bin/../lib/gcc/powerpc-eabi/4.5.1/crtbegin.o
 .rela.text.sscanf
                0x00000000        0x0 c:/devkitpro/devkitppc/bin/../lib/gcc/powerpc-eabi/4.5.1/crtbegin.o
 .rela.text._sscanf_r
                0x00000000        0x0 c:/devkitpro/devkitppc/bin/../lib/gcc/powerpc-eabi/4.5.1/crtbegin.o
 .rela.text._strtod_r
                0x00000000        0x0 c:/devkitpro/devkitppc/bin/../lib/gcc/powerpc-eabi/4.5.1/crtbegin.o
 .rela.text._wcrtomb_r
                0x00000000        0x0 c:/devkitpro/devkitppc/bin/../lib/gcc/powerpc-eabi/4.5.1/crtbegin.o
 .rela.text.wcrtomb
                0x00000000        0x0 c:/devkitpro/devkitppc/bin/../lib/gcc/powerpc-eabi/4.5.1/crtbegin.o
 .rela.text.wctob
                0x00000000        0x0 c:/devkitpro/devkitppc/bin/../lib/gcc/powerpc-eabi/4.5.1/crtbegin.o
 .rela.text._dtoa_r
                0x00000000        0x0 c:/devkitpro/devkitppc/bin/../lib/gcc/powerpc-eabi/4.5.1/crtbegin.o
 .rela.text.__hexdig_init
                0x00000000        0x0 c:/devkitpro/devkitppc/bin/../lib/gcc/powerpc-eabi/4.5.1/crtbegin.o
 .rela.text.__gethex
                0x00000000        0x0 c:/devkitpro/devkitppc/bin/../lib/gcc/powerpc-eabi/4.5.1/crtbegin.o
 .rela.text.__hexnan
                0x00000000        0x0 c:/devkitpro/devkitppc/bin/../lib/gcc/powerpc-eabi/4.5.1/crtbegin.o

.rel.fini
 *(.rel.fini)

.rela.fini
 *(.rela.fini)

.rel.rodata
 *(.rel.rodata .rel.rodata.* .rel.gnu.linkonce.r.*)

.rela.rodata    0x80004194        0x0
 *(.rela.rodata .rela.rodata.* .rela.gnu.linkonce.r.*)
 .rela.rodata   0x00000000        0x0 c:/devkitpro/devkitppc/bin/../lib/gcc/powerpc-eabi/4.5.1/crtbegin.o
 .rela.rodata.CSWTCH.40
                0x00000000        0x0 c:/devkitpro/devkitppc/bin/../lib/gcc/powerpc-eabi/4.5.1/crtbegin.o
 .rela.rodata.dotab_fat
                0x00000000        0x0 c:/devkitpro/devkitppc/bin/../lib/gcc/powerpc-eabi/4.5.1/crtbegin.o

.rel.data
 *(.rel.data .rel.data.* .rel.gnu.linkonce.d.*)

.rela.data
 *(.rela.data .rela.data.* .rela.gnu.linkonce.d.*)

.rel.tdata
 *(.rel.tdata .rel.tdata.* .rel.gnu.linkonce.td.*)

.rela.tdata
 *(.rela.tdata .rela.tdata.* .rela.gnu.linkonce.td.*)

.rel.tbss
 *(.rel.tbss .rel.tbss.* .rel.gnu.linkonce.tb.*)

.rela.tbss
 *(.rela.tbss .rela.tbss.* .rela.gnu.linkonce.tb.*)

.rel.ctors
 *(.rel.ctors)

.rela.ctors
 *(.rela.ctors)

.rel.dtors
 *(.rel.dtors)

.rela.dtors
 *(.rela.dtors)

.rel.got
 *(.rel.got)

.rela.got
 *(.rela.got)

.rela.got1
 *(.rela.got1)

.rela.got2      0x80004194        0x0
 *(.rela.got2)
 .rela.got2     0x00000000        0x0 c:/devkitpro/devkitppc/bin/../lib/gcc/powerpc-eabi/4.5.1/crtbegin.o

.rel.sdata
 *(.rel.sdata .rel.sdata.* .rel.gnu.linkonce.s.*)

.rela.sdata
 *(.rela.sdata .rela.sdata.* .rela.gnu.linkonce.s.*)

.rel.sbss
 *(.rel.sbss .rel.sbss.* .rel.gnu.linkonce.sb.*)

.rela.sbss
 *(.rela.sbss .rela.sbss.* .rel.gnu.linkonce.sb.*)

.rel.sdata2
 *(.rel.sdata2 .rel.sdata2.* .rel.gnu.linkonce.s2.*)

.rela.sdata2
 *(.rela.sdata2 .rela.sdata2.* .rela.gnu.linkonce.s2.*)

.rel.sbss2
 *(.rel.sbss2 .rel.sbss2.* .rel.gnu.linkonce.sb2.*)

.rela.sbss2
 *(.rela.sbss2 .rela.sbss2.* .rela.gnu.linkonce.sb2.*)

.rel.bss
 *(.rel.bss .rel.bss.* .rel.gnu.linkonce.b.*)

.rela.bss
 *(.rela.bss .rela.bss.* .rela.gnu.linkonce.b.*)

.rel.plt
 *(.rel.plt)

.rela.plt
 *(.rela.plt)

.text           0x800041a0   0x126f20
 *(.text)
 .text          0x800041a0      0x168 c:/devkitpro/devkitppc/bin/../lib/gcc/powerpc-eabi/4.5.1/crtbegin.o
 .text          0x80004308       0x44 c:/devkitpro/devkitppc/bin/../lib/gcc/powerpc-eabi/4.5.1/../../../../powerpc-eabi/lib/crtmain.o
                0x8000430c                __crtmain
 .text          0x8000434c      0x170 c:/devkitPro/libogc/lib/wii\libfreetype.a(ftinit.o)
                0x8000434c                FT_Add_Default_Modules
                0x800043c8                FT_Init_FreeType
                0x80004458                FT_Done_FreeType
 .text          0x800044bc    0x13290 c:/devkitPro/libogc/lib/wii\libfreetype.a(ftbase.o)
                0x800045ec                FT_Get_Advance
                0x80004730                FT_Get_Advances
                0x80004998                FT_RoundFix
                0x800049f8                FT_CeilFix
                0x80004a58                FT_FloorFix
                0x80004aa4                FT_Sqrt32
                0x80004e0c                FT_MulDiv
                0x80004fe8                FT_MulDiv_No_Round
                0x80005174                FT_MulFix
                0x800052c4                FT_DivFix
                0x80005414                FT_Matrix_Multiply
                0x80005618                FT_Matrix_Invert
                0x80005788                FT_Matrix_Multiply_Scaled
                0x800059bc                FT_Vector_Transform_Scaled
                0x80005b10                FT_SqrtFixed
                0x80005be8                ft_corner_orientation
                0x80005dac                ft_corner_is_flat
                0x80005f04                FT_GlyphLoader_New
                0x80005f90                FT_GlyphLoader_Rewind
                0x8000602c                FT_GlyphLoader_Reset
                0x8000617c                FT_GlyphLoader_Done
                0x80006320                FT_GlyphLoader_CreateExtra
                0x80006464                FT_GlyphLoader_CheckPoints
                0x80006810                FT_GlyphLoader_CheckSubGlyphs
                0x80006948                FT_GlyphLoader_Prepare
                0x800069c4                FT_GlyphLoader_Add
                0x80006b74                FT_GlyphLoader_CopyPoints
                0x80006d58                ft_service_list_lookup
                0x80006e18                ft_validator_init
                0x80006e84                ft_validator_run
                0x80006eac                ft_validator_error
                0x80006ef4                FT_Stream_New
                0x800070f8                FT_Stream_Free
                0x800072c0                ft_glyphslot_free_bitmap
                0x800073a0                ft_glyphslot_set_bitmap
                0x800073ec                ft_glyphslot_alloc_bitmap
                0x80007774                FT_New_GlyphSlot
                0x800078ec                FT_Done_GlyphSlot
                0x80007a0c                FT_Set_Transform
                0x80007e98                FT_Load_Glyph
                0x800085f8                FT_Load_Char
                0x800090e4                FT_New_Face
                0x8000916c                FT_New_Memory_Face
                0x8000aa80                FT_Open_Face
                0x8000b274                FT_Attach_File
                0x8000b2ec                FT_Attach_Stream
                0x8000b434                FT_Reference_Face
                0x8000b47c                FT_Done_Face
                0x8000b5a8                FT_New_Size
                0x8000b79c                FT_Done_Size
                0x8000b910                FT_Match_Size
                0x8000bb94                ft_synthesize_vertical_metrics
                0x8000be04                FT_Select_Metrics
                0x8000bfcc                FT_Request_Metrics
                0x8000c534                FT_Select_Size
                0x8000c634                FT_Request_Size
                0x8000c7b0                FT_Set_Char_Size
                0x8000c8cc                FT_Set_Pixel_Sizes
                0x8000c9e0                FT_Get_Kerning
                0x8000cc78                FT_Get_Track_Kerning
                0x8000cd90                FT_Select_Charmap
                0x8000ced8                FT_Set_Charmap
                0x8000cffc                FT_Get_Charmap_Index
                0x8000d178                FT_CMap_Done
                0x8000d3e0                FT_CMap_New
                0x8000d61c                FT_Get_Char_Index
                0x8000d6b8                FT_Get_First_Char
                0x8000d7a8                FT_Get_Next_Char
                0x8000d8c4                FT_Face_GetCharVariantIndex
                0x8000d9b0                FT_Face_GetCharVariantIsDefault
                0x8000da54                FT_Face_GetVariantSelectors
                0x8000daf8                FT_Face_GetVariantsOfChar
                0x8000dba4                FT_Face_GetCharsOfVariant
                0x8000dc50                FT_Get_Name_Index
                0x8000ddd0                FT_Get_Glyph_Name
                0x8000dfa0                FT_Get_Postscript_Name
                0x8000e114                FT_Get_Sfnt_Table
                0x8000e210                FT_Load_Sfnt_Table
                0x8000e328                FT_Sfnt_Table_Info
                0x8000e440                FT_Get_CMap_Language_ID
                0x8000e560                FT_Get_CMap_Format
                0x8000e680                FT_Activate_Size
                0x8000e704                FT_Lookup_Renderer
                0x8000ec14                FT_Get_Renderer
                0x8000ec60                FT_Set_Renderer
                0x8000edcc                FT_Render_Glyph_Internal
                0x8000ef70                FT_Render_Glyph
                0x8000f15c                FT_Add_Module
                0x8000f5e8                FT_Get_Module
                0x8000f6dc                FT_Get_Module_Interface
                0x8000f74c                ft_module_get_service
                0x8000f8cc                FT_Remove_Module
                0x8000fa0c                FT_Reference_Library
                0x8000fa50                FT_New_Library
                0x8000fb9c                FT_Library_Version
                0x8000fc70                FT_Done_Library
                0x8000ff38                FT_Set_Debug_Hook
                0x8000ffa8                FT_Get_TrueType_Engine_Type
                0x80010048                ft_stub_set_char_sizes
                0x80010160                ft_stub_set_pixel_sizes
                0x80010234                FT_Get_SubGlyph_Info
                0x8001038c                FT_Outline_Decompose
                0x80010b50                FT_Outline_New_Internal
                0x80010d30                FT_Outline_New
                0x80010da8                FT_Outline_Check
                0x80010ee4                FT_Outline_Copy
                0x800110c0                FT_Outline_Done_Internal
                0x800111f0                FT_Outline_Done
                0x80011258                FT_Outline_Get_CBox
                0x8001141c                FT_Outline_Translate
                0x800114ec                FT_Outline_Reverse
                0x800116fc                FT_Outline_Render
                0x80011864                FT_Outline_Get_Bitmap
                0x80011930                FT_Vector_Transform
                0x80011a64                FT_Outline_Transform
                0x80011b1c                FT_Outline_Embolden
                0x80011ed4                FT_Outline_Get_Orientation
                0x80012620                FT_Raccess_Get_HeaderInfo
                0x80012a28                FT_Raccess_Get_DataOffsets
                0x80012e54                FT_Raccess_Guess
                0x80013b74                FT_Get_Sfnt_Name_Count
                0x80013bd4                FT_Get_Sfnt_Name
                0x80013e84                FT_Stream_OpenMemory
                0x80013f0c                FT_Stream_Close
                0x80013f74                FT_Stream_Seek
                0x80014044                FT_Stream_Skip
                0x800140b4                FT_Stream_Pos
                0x800140e4                FT_Stream_Read
                0x80014144                FT_Stream_ReadAt
                0x80014274                FT_Stream_TryRead
                0x800143b0                FT_Stream_ExtractFrame
                0x80014444                FT_Stream_ReleaseFrame
                0x800144e0                FT_Stream_EnterFrame
                0x8001473c                FT_Stream_ExitFrame
                0x800147d8                FT_Stream_GetChar
                0x80014858                FT_Stream_GetShort
                0x80014910                FT_Stream_GetShortLE
                0x800149c8                FT_Stream_GetOffset
                0x80014a90                FT_Stream_GetLong
                0x80014b74                FT_Stream_GetLongLE
                0x80014c58                FT_Stream_ReadChar
                0x80014d8c                FT_Stream_ReadShort
                0x80014f20                FT_Stream_ReadShortLE
                0x800150b4                FT_Stream_ReadOffset
                0x80015258                FT_Stream_ReadLong
                0x80015418                FT_Stream_ReadLongLE
                0x800155d8                FT_Stream_ReadFields
                0x8001637c                FT_Cos
                0x800163e0                FT_Sin
                0x8001642c                FT_Tan
                0x8001649c                FT_Atan2
                0x80016520                FT_Vector_Unit
                0x800165bc                FT_Vector_Rotate
                0x80016734                FT_Vector_Length
                0x80016830                FT_Vector_Polarize
                0x80016914                FT_Vector_From_Polar
                0x80016978                FT_Angle_Diff
                0x80016a2c                ft_mem_alloc
                0x80016ac0                ft_mem_qalloc
                0x80016b78                ft_mem_realloc
                0x80016c54                ft_mem_qrealloc
                0x80016ddc                ft_mem_free
                0x80016e38                ft_mem_dup
                0x80016ed0                ft_mem_strdup
                0x80016f4c                ft_mem_strcpyn
                0x80017008                FT_List_Find
                0x80017084                FT_List_Add
                0x80017118                FT_List_Insert
                0x800171ac                FT_List_Remove
                0x80017250                FT_List_Up
                0x80017338                FT_List_Iterate
                0x800173e4                FT_List_Finalize
                0x800174c0                ft_highpow2
                0x80017514                FT_Alloc
                0x80017578                FT_QAlloc
                0x800175dc                FT_Realloc
                0x8001765c                FT_QRealloc
                0x800176dc                FT_Free
 .text          0x8001774c    0x1786c c:/devkitPro/libogc/lib/wii\libfreetype.a(truetype.o)
                0x80020dbc                TT_New_Context
                0x80029c0c                TT_RunIns
 .text          0x8002efb8     0xa43c c:/devkitPro/libogc/lib/wii\libfreetype.a(type1.o)
 .text          0x800393f4     0xdc94 c:/devkitPro/libogc/lib/wii\libfreetype.a(cff.o)
 .text          0x80047088     0x3d6c c:/devkitPro/libogc/lib/wii\libfreetype.a(type1cid.o)
 .text          0x8004adf4     0x81b4 c:/devkitPro/libogc/lib/wii\libfreetype.a(pfr.o)
 .text          0x80052fa8     0x43f0 c:/devkitPro/libogc/lib/wii\libfreetype.a(type42.o)
 .text          0x80057398     0x2104 c:/devkitPro/libogc/lib/wii\libfreetype.a(winfnt.o)
 .text          0x8005949c     0x3fd8 c:/devkitPro/libogc/lib/wii\libfreetype.a(pcf.o)
 .text          0x8005d474     0x7fe0 c:/devkitPro/libogc/lib/wii\libfreetype.a(bdf.o)
 .text          0x80065454    0x129b4 c:/devkitPro/libogc/lib/wii\libfreetype.a(sfnt.o)
 .text          0x80077e08     0xbb48 c:/devkitPro/libogc/lib/wii\libfreetype.a(autofit.o)
                0x80078e48                af_glyph_hints_dump_points
                0x80078e68                af_glyph_hints_dump_segments
                0x80078e88                af_glyph_hints_dump_edges
 .text          0x80083950     0x7f40 c:/devkitPro/libogc/lib/wii\libfreetype.a(pshinter.o)
                0x8008b370                ps_hints_apply
 .text          0x8008b890     0x61d4 c:/devkitPro/libogc/lib/wii\libfreetype.a(raster.o)
 .text          0x80091a64     0x42e8 c:/devkitPro/libogc/lib/wii\libfreetype.a(smooth.o)
 .text          0x80095d4c     0x718c c:/devkitPro/libogc/lib/wii\libfreetype.a(ftgzip.o)
                0x8009cc44                FT_Stream_OpenGzip
 .text          0x8009ced8     0x1944 c:/devkitPro/libogc/lib/wii\libfreetype.a(ftlzw.o)
                0x8009d6f8                FT_Stream_OpenLZW
                0x8009def8                ft_lzwstate_reset
                0x8009df98                ft_lzwstate_init
                0x8009e060                ft_lzwstate_done
                0x8009e134                ft_lzwstate_io
 .text          0x8009e81c     0x84f0 c:/devkitPro/libogc/lib/wii\libfreetype.a(psaux.o)
 .text          0x800a6d0c     0x1110 c:/devkitPro/libogc/lib/wii\libfreetype.a(psnames.o)
 .text          0x800a7e1c      0x450 c:/devkitPro/libogc/lib/wii\libfreetype.a(ftsystem.o)
                0x800a8028                FT_Stream_Open
                0x800a8198                FT_New_Memory
                0x800a8234                FT_Done_Memory
 *fill*         0x800a826c       0x14 00000000
 .text          0x800a8280      0x4ec c:/devkitPro/libogc/lib/wii\libogc.a(lwp_handler.o)
                0x800a8280                _cpu_context_save_fp
                0x800a83c0                _cpu_context_restore_fp
                0x800a8500                _cpu_context_switch
                0x800a8680                _cpu_context_save
                0x800a8700                _cpu_context_restore
 .text          0x800a876c      0x4f0 c:/devkitPro/libogc/lib/wii\libogc.a(cache_asm.o)
                0x800a876c                DCFlashInvalidate
                0x800a8780                DCEnable
                0x800a8794                DCDisable
                0x800a87a8                DCFreeze
                0x800a87bc                DCUnfreeze
                0x800a87d0                DCTouchLoad
                0x800a87d8                DCBlockZero
                0x800a87e0                DCBlockStore
                0x800a87e8                DCBlockFlush
                0x800a87f0                DCBlockInvalidate
                0x800a87f8                DCInvalidateRange
                0x800a8828                DCFlushRange
                0x800a885c                DCStoreRange
                0x800a8890                DCFlushRangeNoSync
                0x800a88c0                DCStoreRangeNoSync
                0x800a88f0                DCZeroRange
                0x800a8920                DCTouchRange
                0x800a8950                ICInvalidateRange
                0x800a8988                ICFlashInvalidate
                0x800a899c                ICEnable
                0x800a89b0                ICDisable
                0x800a89c4                ICFreeze
                0x800a89d8                ICUnfreeze
                0x800a89ec                ICBlockInvalidate
                0x800a89f4                ICSync
                0x800a89fc                L2Init
                0x800a8a44                L2Enable
                0x800a8a60                L2Disable
                0x800a8a78                L2GlobalInvalidate
                0x800a8ad0                __LCEnable
                0x800a8b98                LCDisable
                0x800a8bc0                LCAllocOneTag
                0x800a8bd4                LCAllocTags
                0x800a8c14                LCLoadBlocks
                0x800a8c38                LCStoreBlocks
 .text          0x800a8c5c      0x4b0 c:/devkitPro/libogc/lib/wii\libogc.a(system_asm.o)
                0x800a8c5c                __realmode
                0x800a8c74                __configBATS
                0x800a8da4                __InitFPRS
                0x800a8ed0                __InitPS
                0x800a8f2c                __InitCache
                0x800a8f84                __InitSystem
                0x800a901c                __flush_cache
                0x800a9050                __reset
                0x800a90c0                __InitBATS
                0x800a90dc                SYS_SwitchFiber
 .text          0x800a910c      0x934 c:/devkitPro/libogc/lib/wii\libogc.a(gu_psasm.o)
                0x800a910c                ps_guMtxConcat
                0x800a91d8                ps_guMtxIdentity
                0x800a920c                ps_guMtxCopy
                0x800a9240                ps_guMtxTranspose
                0x800a9298                ps_guMtxInverse
                0x800a9390                ps_guMtxInvXpose
                0x800a9458                ps_guMtxScale
                0x800a9488                ps_guMtxScaleApply
                0x800a94e0                ps_guMtxApplyScale
                0x800a954c                ps_guMtxTrans
                0x800a9588                ps_guMtxTransApply
                0x800a95d4                ps_guMtxApplyTrans
                0x800a9658                ps_guMtxRotTrig
                0x800a9710                __ps_guMtxRotAxisRadInternal
                0x800a97d8                ps_guMtxReflect
                0x800a9850                ps_guVecAdd
                0x800a9874                ps_guVecSub
                0x800a9898                ps_guVecScale
                0x800a98b4                ps_guVecNormalize
                0x800a9900                ps_guVecCross
                0x800a993c                ps_guVecDotProduct
                0x800a995c                ps_guVecMultiply
                0x800a99b0                ps_guVecMultiplySR
                0x800a9a20                ps_guQuatDotProduct
 .text          0x800a9a40      0x1ac c:/devkitPro/libogc/lib/wii\libogc.a(irq_handler.o)
                0x800a9a40                irq_exceptionhandler
 .text          0x800a9bec      0x1ac c:/devkitPro/libogc/lib/wii\libogc.a(decrementer_handler.o)
                0x800a9bec                dec_exceptionhandler
 .text          0x800a9d98      0x35c c:/devkitPro/libogc/lib/wii\libogc.a(exception_handler.o)
                0x800a9d98                exceptionhandler_start
                0x800a9e14                exceptionhandler_patch
                0x800a9e48                exceptionhandler_end
                0x800a9e4c                default_exceptionhandler
                0x800a9f7c                fpu_exceptionhandler
                0x800aa0c4                systemcallhandler_start
                0x800aa0f0                systemcallhandler_end
 .text          0x800aa0f4       0x40 c:/devkitpro/devkitppc/bin/../lib/gcc/powerpc-eabi/4.5.1\libgcc.a(_ashldi3.o)
                0x800aa0f4                __ashldi3
 .text          0x800aa134      0x3f0 c:/devkitpro/devkitppc/bin/../lib/gcc/powerpc-eabi/4.5.1\libgcc.a(_udivdi3.o)
                0x800aa134                __udivdi3
 .text          0x800aa524      0x3c0 c:/devkitpro/devkitppc/bin/../lib/gcc/powerpc-eabi/4.5.1\libgcc.a(_umoddi3.o)
                0x800aa524                __umoddi3
 .text          0x800aa8e4       0x48 c:/devkitpro/devkitppc/bin/../lib/gcc/powerpc-eabi/4.5.1\libgcc.a(eabi.o)
                0x800aa8e4                __eabi
 .text          0x800aa92c       0x4c c:/devkitpro/devkitppc/bin/../lib/gcc/powerpc-eabi/4.5.1\libgcc.a(crtsavfpr.o)
                0x800aa92c                _savefpr_14
                0x800aa930                _savefpr_15
                0x800aa934                _savefpr_16
                0x800aa938                _savefpr_17
                0x800aa93c                _savefpr_18
                0x800aa940                _savefpr_19
                0x800aa944                _savefpr_20
                0x800aa948                _savefpr_21
                0x800aa94c                _savefpr_22
                0x800aa950                _savefpr_23
                0x800aa954                _savefpr_24
                0x800aa958                _savefpr_25
                0x800aa95c                _savefpr_26
                0x800aa960                _savefpr_27
                0x800aa964                _savefpr_28
                0x800aa968                _savefpr_29
                0x800aa96c                _savefpr_30
                0x800aa970                _savefpr_31
 .text          0x800aa978       0x4c c:/devkitpro/devkitppc/bin/../lib/gcc/powerpc-eabi/4.5.1\libgcc.a(crtsavgpr.o)
                0x800aa978                _savegpr_14
                0x800aa97c                _savegpr_15
                0x800aa980                _savegpr_16
                0x800aa984                _savegpr_17
                0x800aa988                _savegpr_18
                0x800aa98c                _savegpr_19
                0x800aa990                _savegpr_20
                0x800aa994                _savegpr_21
                0x800aa998                _savegpr_22
                0x800aa99c                _savegpr_23
                0x800aa9a0                _savegpr_24
                0x800aa9a4                _savegpr_25
                0x800aa9a8                _savegpr_26
                0x800aa9ac                _savegpr_27
                0x800aa9b0                _savegpr_28
                0x800aa9b4                _savegpr_29
                0x800aa9b8                _savegpr_30
                0x800aa9bc                _savegpr_31
 .text          0x800aa9c4       0x4c c:/devkitpro/devkitppc/bin/../lib/gcc/powerpc-eabi/4.5.1\libgcc.a(crtresgpr.o)
                0x800aa9c4                _restgpr_14
                0x800aa9c8                _restgpr_15
                0x800aa9cc                _restgpr_16
                0x800aa9d0                _restgpr_17
                0x800aa9d4                _restgpr_18
                0x800aa9d8                _restgpr_19
                0x800aa9dc                _restgpr_20
                0x800aa9e0                _restgpr_21
                0x800aa9e4                _restgpr_22
                0x800aa9e8                _restgpr_23
                0x800aa9ec                _restgpr_24
                0x800aa9f0                _restgpr_25
                0x800aa9f4                _restgpr_26
                0x800aa9f8                _restgpr_27
                0x800aa9fc                _restgpr_28
                0x800aaa00                _restgpr_29
                0x800aaa04                _restgpr_30
                0x800aaa08                _restgpr_31
 .text          0x800aaa10       0x58 c:/devkitpro/devkitppc/bin/../lib/gcc/powerpc-eabi/4.5.1\libgcc.a(crtresxfpr.o)
                0x800aaa10                _restfpr_14_x
                0x800aaa14                _restfpr_15_x
                0x800aaa18                _restfpr_16_x
                0x800aaa1c                _restfpr_17_x
                0x800aaa20                _restfpr_18_x
                0x800aaa24                _restfpr_19_x
                0x800aaa28                _restfpr_20_x
                0x800aaa2c                _restfpr_21_x
                0x800aaa30                _restfpr_22_x
                0x800aaa34                _restfpr_23_x
                0x800aaa38                _restfpr_24_x
                0x800aaa3c                _restfpr_25_x
                0x800aaa40                _restfpr_26_x
                0x800aaa44                _restfpr_27_x
                0x800aaa48                _restfpr_28_x
                0x800aaa4c                _restfpr_29_x
                0x800aaa50                _restfpr_30_x
                0x800aaa54                _restfpr_31_x
 .text          0x800aaa68       0x58 c:/devkitpro/devkitppc/bin/../lib/gcc/powerpc-eabi/4.5.1\libgcc.a(crtresxgpr.o)
                0x800aaa68                _restgpr_14_x
                0x800aaa6c                _restgpr_15_x
                0x800aaa70                _restgpr_16_x
                0x800aaa74                _restgpr_17_x
                0x800aaa78                _restgpr_18_x
                0x800aaa7c                _restgpr_19_x
                0x800aaa80                _restgpr_20_x
                0x800aaa84                _restgpr_21_x
                0x800aaa88                _restgpr_22_x
                0x800aaa8c                _restgpr_23_x
                0x800aaa90                _restgpr_24_x
                0x800aaa94                _restgpr_25_x
                0x800aaa98                _restgpr_26_x
                0x800aaa9c                _restgpr_27_x
                0x800aaaa0                _restgpr_28_x
                0x800aaaa4                _restgpr_29_x
                0x800aaaa8                _restgpr_30_x
                0x800aaaac                _restgpr_31_x
 .text          0x800aaac0       0x28 c:/devkitpro/devkitppc/bin/../lib/gcc/powerpc-eabi/4.5.1/../../../../powerpc-eabi/lib\libsysbase.a(abort.o)
                0x800aaac0                abort
 .text          0x800aaae8      0x2ec c:/devkitpro/devkitppc/bin/../lib/gcc/powerpc-eabi/4.5.1/../../../../powerpc-eabi/lib\libsysbase.a(iosupport.o)
                0x800aaae8                setDefaultDevice
                0x800aab00                FindDevice
                0x800aac24                RemoveDevice
                0x800aac74                AddDevice
                0x800aad90                GetDeviceOpTab
 .text          0x800aadd4       0x28 c:/devkitpro/devkitppc/bin/../lib/gcc/powerpc-eabi/4.5.1/../../../../powerpc-eabi/lib\libsysbase.a(_exit.o)
                0x800aadd4                _exit
 .text          0x800aadfc      0x4c4 c:/devkitpro/devkitppc/bin/../lib/gcc/powerpc-eabi/4.5.1/../../../../powerpc-eabi/lib\libsysbase.a(chdir.o)
                0x800aadfc                _concatenate_path
                0x800ab04c                chdir
                0x800ab1dc                getcwd
 .text          0x800ab2c0       0xa0 c:/devkitpro/devkitppc/bin/../lib/gcc/powerpc-eabi/4.5.1/../../../../powerpc-eabi/lib\libsysbase.a(build_argv.o)
                0x800ab2c0                build_argv
 .text          0x800ab360      0x168 c:/devkitpro/devkitppc/bin/../lib/gcc/powerpc-eabi/4.5.1/../../../../powerpc-eabi/lib\libsysbase.a(syscall_support.o)
                0x800ab360                __libc_lock_init
                0x800ab3a0                __libc_lock_close
                0x800ab3e0                __libc_lock_release
                0x800ab420                __libc_lock_acquire
                0x800ab460                __malloc_lock
                0x800ab494                __malloc_unlock
 .text          0x800ab4c8      0x180 c:/devkitpro/devkitppc/bin/../lib/gcc/powerpc-eabi/4.5.1/../../../../powerpc-eabi/lib\libc.a(lib_a-setjmp.o)
                0x800ab4c8                setjmp
                0x800ab584                longjmp
 .text          0x800ab648       0x9c c:/devkitpro/devkitppc/bin/../lib/gcc/powerpc-eabi/4.5.1/../../../../powerpc-eabi/lib\libsysbase.a(close.o)
                0x800ab648                _close_r
 .text          0x800ab6e4       0xc8 c:/devkitpro/devkitppc/bin/../lib/gcc/powerpc-eabi/4.5.1/../../../../powerpc-eabi/lib\libsysbase.a(fstat.o)
                0x800ab6e4                _fstat_r
 .text          0x800ab7ac        0x8 c:/devkitpro/devkitppc/bin/../lib/gcc/powerpc-eabi/4.5.1/../../../../powerpc-eabi/lib\libsysbase.a(isatty.o)
                0x800ab7ac                _isatty_r
 .text          0x800ab7b4       0xcc c:/devkitpro/devkitppc/bin/../lib/gcc/powerpc-eabi/4.5.1/../../../../powerpc-eabi/lib\libsysbase.a(lseek.o)
                0x800ab7b4                _lseek_r
 .text          0x800ab880      0x14c c:/devkitpro/devkitppc/bin/../lib/gcc/powerpc-eabi/4.5.1/../../../../powerpc-eabi/lib\libsysbase.a(open.o)
                0x800ab880                _open_r
 .text          0x800ab9cc       0xac c:/devkitpro/devkitppc/bin/../lib/gcc/powerpc-eabi/4.5.1/../../../../powerpc-eabi/lib\libsysbase.a(read.o)
                0x800ab9cc                _read_r
 .text          0x800aba78       0x50 c:/devkitpro/devkitppc/bin/../lib/gcc/powerpc-eabi/4.5.1/../../../../powerpc-eabi/lib\libsysbase.a(sbrk.o)
                0x800aba78                _sbrk_r
 .text          0x800abac8       0xac c:/devkitpro/devkitppc/bin/../lib/gcc/powerpc-eabi/4.5.1/../../../../powerpc-eabi/lib\libsysbase.a(write.o)
                0x800abac8                _write_r
 .text          0x800abb74       0x6c c:/devkitpro/devkitppc/bin/../lib/gcc/powerpc-eabi/4.5.1/../../../../powerpc-eabi/lib\libsysbase.a(flock.o)
                0x800abb74                __flockfile
                0x800abbbc                __funlockfile
 .text          0x800abbe0      0x174 c:/devkitpro/devkitppc/bin/../lib/gcc/powerpc-eabi/4.5.1/../../../../powerpc-eabi/lib\libsysbase.a(handle_manager.o)
                0x800abbe0                __release_handle
                0x800abc3c                __alloc_handle
                0x800abd30                __get_handle
 .text          0x800abd54       0x6c c:/devkitpro/devkitppc/bin/../lib/gcc/powerpc-eabi/4.5.1/crtend.o
 *(.text.*)
 .text.main     0x800abdc0      0x534 main.o
                0x800abdc0                main
 .text.initializeShips
                0x800ac2f4      0x184 shipFuncs.o
                0x800ac2f4                initializeShips
 .text.checkControllers
                0x800ac478      0x2c0 shipFuncs.o
                0x800ac478                checkControllers
 .text.updateSpeeds
                0x800ac738      0x224 shipFuncs.o
                0x800ac738                updateSpeeds
 .text.update   0x800ac95c      0x10c shipFuncs.o
                0x800ac95c                update
 .text.gravityShip
                0x800aca68      0x630 physics.o
                0x800aca68                gravityShip
 .text.gravityBullets
                0x800ad098      0x67c physics.o
                0x800ad098                gravityBullets
 .text.collide  0x800ad714      0x390 physics.o
                0x800ad714                collide
 .text.initializeGrid
                0x800adaa4       0xc4 grid.o
                0x800adaa4                initializeGrid
 .text.drawGrid
                0x800adb68      0x278 grid.o
                0x800adb68                drawGrid
 .text.warpGrid
                0x800adde0      0x590 grid.o
                0x800adde0                warpGrid
 .text.renderShip
                0x800ae370      0x970 render.o
                0x800ae370                renderShip
 .text.renderPlanets
                0x800aece0      0x350 render.o
                0x800aece0                renderPlanets
 .text.colorBullets
                0x800af030      0x334 render.o
                0x800af030                colorBullets
 .text.render   0x800af364      0xc98 render.o
                0x800af364                render
 .text.calculateFPS
                0x800afffc       0x84 fps.o
                0x800afffc                calculateFPS
 .text.profiler
                0x800b0080       0x5c fps.o
                0x800b0080                profiler
 .text.bulletDamage
                0x800b00dc      0x334 game.o
                0x800b00dc                bulletDamage
 .text.planetDamage
                0x800b0410      0x218 game.o
                0x800b0410                planetDamage
 .text.doMechanics
                0x800b0628      0x188 game.o
                0x800b0628                doMechanics
 .text.killShip
                0x800b07b0      0x124 game.o
                0x800b07b0                killShip
 .text.compareAngles
                0x800b08d4       0xbc game.o
                0x800b08d4                compareAngles
 .text.AI       0x800b0990      0x3d8 game.o
                0x800b0990                AI
 .text.initializeTextures
                0x800b0d68      0x1c0 stars.o
                0x800b0d68                initializeTextures
 .text.displayStars
                0x800b0f28      0x290 stars.o
                0x800b0f28                displayStars
 .text.displayMenuStars
                0x800b11b8      0x1dc stars.o
                0x800b11b8                displayMenuStars
 .text.freeStarMemory
                0x800b1394       0x28 stars.o
                0x800b1394                freeStarMemory
 .text.mainMenu
                0x800b13bc      0x138 menu.o
                0x800b13bc                mainMenu
 .text.GRRLIB_InitTileSet
                0x800b14f4       0xc8 c:/devkitPro/libogc/lib/wii\libgrrlib.a(GRRLIB_bmf.o)
                0x800b14f4                GRRLIB_InitTileSet
 .text.GRRLIB_Rectangle.clone.1
                0x800b15bc       0xa4 c:/devkitPro/libogc/lib/wii\libgrrlib.a(GRRLIB_core.o)
 .text.GRRLIB_Exit
                0x800b1660      0x1d0 c:/devkitPro/libogc/lib/wii\libgrrlib.a(GRRLIB_core.o)
                0x800b1660                GRRLIB_Exit
 .text.GRRLIB_ClipReset
                0x800b1830       0x40 c:/devkitPro/libogc/lib/wii\libgrrlib.a(GRRLIB_core.o)
                0x800b1830                GRRLIB_ClipReset
 .text.GRRLIB_Init
                0x800b1870      0x4dc c:/devkitPro/libogc/lib/wii\libgrrlib.a(GRRLIB_core.o)
                0x800b1870                GRRLIB_Init
 .text.GRRLIB_Circle
                0x800b1d4c      0x214 c:/devkitPro/libogc/lib/wii\libgrrlib.a(GRRLIB_fbAdvanced.o)
                0x800b1d4c                GRRLIB_Circle
 .text.GRRLIB_Printf
                0x800b1f60      0x188 c:/devkitPro/libogc/lib/wii\libgrrlib.a(GRRLIB_print.o)
                0x800b1f60                GRRLIB_Printf
 .text.GRRLIB_DrawTile
                0x800b20e8      0x49c c:/devkitPro/libogc/lib/wii\libgrrlib.a(GRRLIB_render.o)
                0x800b20e8                GRRLIB_DrawTile
 .text.GRRLIB_Render
                0x800b2584       0xa8 c:/devkitPro/libogc/lib/wii\libgrrlib.a(GRRLIB_render.o)
                0x800b2584                GRRLIB_Render
 .text.GRRLIB_LoadTexturePNG
                0x800b262c      0x140 c:/devkitPro/libogc/lib/wii\libgrrlib.a(GRRLIB_texEdit.o)
                0x800b262c                GRRLIB_LoadTexturePNG
 .text.GRRLIB_LoadTextureBMP
                0x800b276c      0x990 c:/devkitPro/libogc/lib/wii\libgrrlib.a(GRRLIB_texEdit.o)
                0x800b276c                GRRLIB_LoadTextureBMP
 .text.GRRLIB_LoadTextureJPGEx
                0x800b30fc      0x46c c:/devkitPro/libogc/lib/wii\libgrrlib.a(GRRLIB_texEdit.o)
                0x800b30fc                GRRLIB_LoadTextureJPGEx
 .text.GRRLIB_LoadTexture
                0x800b3568       0x7c c:/devkitPro/libogc/lib/wii\libgrrlib.a(GRRLIB_texEdit.o)
                0x800b3568                GRRLIB_LoadTexture
 .text.GRRLIB_InitTTF
                0x800b35e4       0x34 c:/devkitPro/libogc/lib/wii\libgrrlib.a(GRRLIB_ttf.o)
                0x800b35e4                GRRLIB_InitTTF
 .text.GRRLIB_ExitTTF
                0x800b3618       0x28 c:/devkitPro/libogc/lib/wii\libgrrlib.a(GRRLIB_ttf.o)
                0x800b3618                GRRLIB_ExitTTF
 .text.pngu_read_data_from_buffer
                0x800b3640       0x68 c:/devkitPro/libogc/lib/wii\libpngu.a(pngu.o)
                0x800b3640                pngu_read_data_from_buffer
 .text.PNGU_SelectImageFromBuffer
                0x800b36a8       0x74 c:/devkitPro/libogc/lib/wii\libpngu.a(pngu.o)
                0x800b36a8                PNGU_SelectImageFromBuffer
 .text.PNGU_ReleaseImageContext
                0x800b371c       0x9c c:/devkitPro/libogc/lib/wii\libpngu.a(pngu.o)
                0x800b371c                PNGU_ReleaseImageContext
 .text.pngu_info
                0x800b37b8      0x4fc c:/devkitPro/libogc/lib/wii\libpngu.a(pngu.o)
                0x800b37b8                pngu_info
 .text.PNGU_GetImageProperties
                0x800b3cb4       0xa0 c:/devkitPro/libogc/lib/wii\libpngu.a(pngu.o)
                0x800b3cb4                PNGU_GetImageProperties
 .text.pngu_decode
                0x800b3d54      0x264 c:/devkitPro/libogc/lib/wii\libpngu.a(pngu.o)
                0x800b3d54                pngu_decode
 .text.PNGU_DecodeTo4x4RGBA8
                0x800b3fb8      0x3c8 c:/devkitPro/libogc/lib/wii\libpngu.a(pngu.o)
                0x800b3fb8                PNGU_DecodeTo4x4RGBA8
 .text.png_build_16bit_table
                0x800b4380      0x254 c:/devkitPro/libogc/lib/wii\libpng.a(png.o)
 .text.png_set_sig_bytes
                0x800b45d4       0x4c c:/devkitPro/libogc/lib/wii\libpng.a(png.o)
                0x800b45d4                png_set_sig_bytes
 .text.png_sig_cmp
                0x800b4620       0x8c c:/devkitPro/libogc/lib/wii\libpng.a(png.o)
                0x800b4620                png_sig_cmp
 .text.png_zalloc
                0x800b46ac       0x6c c:/devkitPro/libogc/lib/wii\libpng.a(png.o)
                0x800b46ac                png_zalloc
 .text.png_zfree
                0x800b4718       0x20 c:/devkitPro/libogc/lib/wii\libpng.a(png.o)
                0x800b4718                png_zfree
 .text.png_reset_crc
                0x800b4738       0x3c c:/devkitPro/libogc/lib/wii\libpng.a(png.o)
                0x800b4738                png_reset_crc
 .text.png_calculate_crc
                0x800b4774       0x70 c:/devkitPro/libogc/lib/wii\libpng.a(png.o)
                0x800b4774                png_calculate_crc
 .text.png_create_info_struct
                0x800b47e4       0x58 c:/devkitPro/libogc/lib/wii\libpng.a(png.o)
                0x800b47e4                png_create_info_struct
 .text.png_free_data
                0x800b483c      0x4b8 c:/devkitPro/libogc/lib/wii\libpng.a(png.o)
                0x800b483c                png_free_data
 .text.png_info_destroy
                0x800b4cf4       0x7c c:/devkitPro/libogc/lib/wii\libpng.a(png.o)
                0x800b4cf4                png_info_destroy
 .text.png_get_io_ptr
                0x800b4d70       0x14 c:/devkitPro/libogc/lib/wii\libpng.a(png.o)
                0x800b4d70                png_get_io_ptr
 .text.png_init_io
                0x800b4d84       0x10 c:/devkitPro/libogc/lib/wii\libpng.a(png.o)
                0x800b4d84                png_init_io
 .text.png_get_header_ver
                0x800b4d94        0xc c:/devkitPro/libogc/lib/wii\libpng.a(png.o)
                0x800b4d94                png_get_header_ver
 .text.png_handle_as_unknown
                0x800b4da0       0xb8 c:/devkitPro/libogc/lib/wii\libpng.a(png.o)
                0x800b4da0                png_handle_as_unknown
 .text.png_check_cHRM_fixed
                0x800b4e58      0x250 c:/devkitPro/libogc/lib/wii\libpng.a(png.o)
                0x800b4e58                png_check_cHRM_fixed
 .text.png_check_IHDR
                0x800b50a8      0x348 c:/devkitPro/libogc/lib/wii\libpng.a(png.o)
                0x800b50a8                png_check_IHDR
 .text.png_check_fp_number
                0x800b53f0      0x180 c:/devkitPro/libogc/lib/wii\libpng.a(png.o)
                0x800b53f0                png_check_fp_number
 .text.png_check_fp_string
                0x800b5570       0x74 c:/devkitPro/libogc/lib/wii\libpng.a(png.o)
                0x800b5570                png_check_fp_string
 .text.png_muldiv
                0x800b55e4      0x100 c:/devkitPro/libogc/lib/wii\libpng.a(png.o)
                0x800b55e4                png_muldiv
 .text.png_reciprocal
                0x800b56e4       0xa4 c:/devkitPro/libogc/lib/wii\libpng.a(png.o)
                0x800b56e4                png_reciprocal
 .text.png_reciprocal2
                0x800b5788       0xbc c:/devkitPro/libogc/lib/wii\libpng.a(png.o)
                0x800b5788                png_reciprocal2
 .text.png_gamma_8bit_correct
                0x800b5844       0xc0 c:/devkitPro/libogc/lib/wii\libpng.a(png.o)
                0x800b5844                png_gamma_8bit_correct
 .text.png_gamma_correct
                0x800b5904      0x150 c:/devkitPro/libogc/lib/wii\libpng.a(png.o)
                0x800b5904                png_gamma_correct
 .text.png_gamma_significant
                0x800b5a54       0x18 c:/devkitPro/libogc/lib/wii\libpng.a(png.o)
                0x800b5a54                png_gamma_significant
 .text.png_build_gamma_table
                0x800b5a6c      0xa80 c:/devkitPro/libogc/lib/wii\libpng.a(png.o)
                0x800b5a6c                png_build_gamma_table
 .text.png_error
                0x800b64ec       0xb8 c:/devkitPro/libogc/lib/wii\libpng.a(pngerror.o)
                0x800b64ec                png_error
 .text.png_warning
                0x800b65a4      0x180 c:/devkitPro/libogc/lib/wii\libpng.a(pngerror.o)
                0x800b65a4                png_warning
 .text.png_benign_error
                0x800b6724      0x190 c:/devkitPro/libogc/lib/wii\libpng.a(pngerror.o)
                0x800b6724                png_benign_error
 .text.png_chunk_error
                0x800b68b4      0x2ec c:/devkitPro/libogc/lib/wii\libpng.a(pngerror.o)
                0x800b68b4                png_chunk_error
 .text.png_chunk_warning
                0x800b6ba0      0x3f0 c:/devkitPro/libogc/lib/wii\libpng.a(pngerror.o)
                0x800b6ba0                png_chunk_warning
 .text.png_chunk_benign_error
                0x800b6f90      0x3e4 c:/devkitPro/libogc/lib/wii\libpng.a(pngerror.o)
                0x800b6f90                png_chunk_benign_error
 .text.png_set_longjmp_fn
                0x800b7374       0x20 c:/devkitPro/libogc/lib/wii\libpng.a(pngerror.o)
                0x800b7374                png_set_longjmp_fn
 .text.png_set_error_fn
                0x800b7394       0x18 c:/devkitPro/libogc/lib/wii\libpng.a(pngerror.o)
                0x800b7394                png_set_error_fn
 .text.png_get_rowbytes
                0x800b73ac       0x1c c:/devkitPro/libogc/lib/wii\libpng.a(pngget.o)
                0x800b73ac                png_get_rowbytes
 .text.png_get_bKGD
                0x800b73c8       0x38 c:/devkitPro/libogc/lib/wii\libpng.a(pngget.o)
                0x800b73c8                png_get_bKGD
 .text.png_get_IHDR
                0x800b7400       0xd0 c:/devkitPro/libogc/lib/wii\libpng.a(pngget.o)
                0x800b7400                png_get_IHDR
 .text.png_get_tRNS
                0x800b74d0       0x98 c:/devkitPro/libogc/lib/wii\libpng.a(pngget.o)
                0x800b74d0                png_get_tRNS
 .text.png_create_struct_2
                0x800b7568       0x98 c:/devkitPro/libogc/lib/wii\libpng.a(pngmem.o)
                0x800b7568                png_create_struct_2
 .text.png_destroy_struct_2
                0x800b7600       0x58 c:/devkitPro/libogc/lib/wii\libpng.a(pngmem.o)
                0x800b7600                png_destroy_struct_2
 .text.png_calloc
                0x800b7658       0xcc c:/devkitPro/libogc/lib/wii\libpng.a(pngmem.o)
                0x800b7658                png_calloc
 .text.png_malloc
                0x800b7724       0x88 c:/devkitPro/libogc/lib/wii\libpng.a(pngmem.o)
                0x800b7724                png_malloc
 .text.png_free
                0x800b77ac       0x58 c:/devkitPro/libogc/lib/wii\libpng.a(pngmem.o)
                0x800b77ac                png_free
 .text.png_malloc_warn
                0x800b7804       0xb4 c:/devkitPro/libogc/lib/wii\libpng.a(pngmem.o)
                0x800b7804                png_malloc_warn
 .text.png_set_mem_fn
                0x800b78b8       0x18 c:/devkitPro/libogc/lib/wii\libpng.a(pngmem.o)
                0x800b78b8                png_set_mem_fn
 .text.png_create_read_struct_2.clone.0
                0x800b78d0      0x3f0 c:/devkitPro/libogc/lib/wii\libpng.a(pngread.o)
 .text.png_create_read_struct
                0x800b7cc0        0x4 c:/devkitPro/libogc/lib/wii\libpng.a(pngread.o)
                0x800b7cc0                png_create_read_struct
 .text.png_read_info
                0x800b7cc4      0x814 c:/devkitPro/libogc/lib/wii\libpng.a(pngread.o)
                0x800b7cc4                png_read_info
 .text.png_read_update_info
                0x800b84d8       0x64 c:/devkitPro/libogc/lib/wii\libpng.a(pngread.o)
                0x800b84d8                png_read_update_info
 .text.png_read_row
                0x800b853c      0x640 c:/devkitPro/libogc/lib/wii\libpng.a(pngread.o)
                0x800b853c                png_read_row
 .text.png_read_image
                0x800b8b7c      0x134 c:/devkitPro/libogc/lib/wii\libpng.a(pngread.o)
                0x800b8b7c                png_read_image
 .text.png_read_destroy
                0x800b8cb0      0x2e4 c:/devkitPro/libogc/lib/wii\libpng.a(pngread.o)
                0x800b8cb0                png_read_destroy
 .text.png_destroy_read_struct
                0x800b8f94      0x130 c:/devkitPro/libogc/lib/wii\libpng.a(pngread.o)
                0x800b8f94                png_destroy_read_struct
 .text.png_default_read_data
                0x800b90c4       0x60 c:/devkitPro/libogc/lib/wii\libpng.a(pngrio.o)
                0x800b90c4                png_default_read_data
 .text.png_read_data
                0x800b9124       0x3c c:/devkitPro/libogc/lib/wii\libpng.a(pngrio.o)
                0x800b9124                png_read_data
 .text.png_set_read_fn
                0x800b9160       0x78 c:/devkitPro/libogc/lib/wii\libpng.a(pngrio.o)
                0x800b9160                png_set_read_fn
 .text.png_set_strip_16
                0x800b91d8       0x18 c:/devkitPro/libogc/lib/wii\libpng.a(pngrtran.o)
                0x800b91d8                png_set_strip_16
 .text.png_set_strip_alpha
                0x800b91f0       0x18 c:/devkitPro/libogc/lib/wii\libpng.a(pngrtran.o)
                0x800b91f0                png_set_strip_alpha
 .text.png_set_gray_to_rgb
                0x800b9208       0x24 c:/devkitPro/libogc/lib/wii\libpng.a(pngrtran.o)
                0x800b9208                png_set_gray_to_rgb
 .text.png_init_read_transformations
                0x800b922c      0xa50 c:/devkitPro/libogc/lib/wii\libpng.a(pngrtran.o)
                0x800b922c                png_init_read_transformations
 .text.png_read_transform_info
                0x800b9c7c      0x2f8 c:/devkitPro/libogc/lib/wii\libpng.a(pngrtran.o)
                0x800b9c7c                png_read_transform_info
 .text.png_do_unpack
                0x800b9f74      0x1ac c:/devkitPro/libogc/lib/wii\libpng.a(pngrtran.o)
                0x800b9f74                png_do_unpack
 .text.png_do_unshift
                0x800ba120      0x22c c:/devkitPro/libogc/lib/wii\libpng.a(pngrtran.o)
                0x800ba120                png_do_unshift
 .text.png_do_read_swap_alpha
                0x800ba34c      0x130 c:/devkitPro/libogc/lib/wii\libpng.a(pngrtran.o)
                0x800ba34c                png_do_read_swap_alpha
 .text.png_do_read_invert_alpha
                0x800ba47c       0xf8 c:/devkitPro/libogc/lib/wii\libpng.a(pngrtran.o)
                0x800ba47c                png_do_read_invert_alpha
 .text.png_do_read_filler
                0x800ba574      0x340 c:/devkitPro/libogc/lib/wii\libpng.a(pngrtran.o)
                0x800ba574                png_do_read_filler
 .text.png_do_gray_to_rgb
                0x800ba8b4      0x218 c:/devkitPro/libogc/lib/wii\libpng.a(pngrtran.o)
                0x800ba8b4                png_do_gray_to_rgb
 .text.png_do_rgb_to_gray
                0x800baacc      0x6b0 c:/devkitPro/libogc/lib/wii\libpng.a(pngrtran.o)
                0x800baacc                png_do_rgb_to_gray
 .text.png_do_background
                0x800bb17c     0x11ac c:/devkitPro/libogc/lib/wii\libpng.a(pngrtran.o)
                0x800bb17c                png_do_background
 .text.png_do_gamma
                0x800bc328      0x450 c:/devkitPro/libogc/lib/wii\libpng.a(pngrtran.o)
                0x800bc328                png_do_gamma
 .text.png_do_expand_palette
                0x800bc778      0x328 c:/devkitPro/libogc/lib/wii\libpng.a(pngrtran.o)
                0x800bc778                png_do_expand_palette
 .text.png_do_expand
                0x800bcaa0      0x5c8 c:/devkitPro/libogc/lib/wii\libpng.a(pngrtran.o)
                0x800bcaa0                png_do_expand
 .text.png_do_quantize
                0x800bd068      0x158 c:/devkitPro/libogc/lib/wii\libpng.a(pngrtran.o)
                0x800bd068                png_do_quantize
 .text.png_do_read_transformations
                0x800bd1c0      0x584 c:/devkitPro/libogc/lib/wii\libpng.a(pngrtran.o)
                0x800bd1c0                png_do_read_transformations
 .text.png_do_read_intrapixel
                0x800bd744      0x100 c:/devkitPro/libogc/lib/wii\libpng.a(pngrtran.o)
                0x800bd744                png_do_read_intrapixel
 .text.png_inflate
                0x800bd844      0x23c c:/devkitPro/libogc/lib/wii\libpng.a(pngrutil.o)
 .text.png_read_sig
                0x800bda80      0x104 c:/devkitPro/libogc/lib/wii\libpng.a(pngrutil.o)
                0x800bda80                png_read_sig
 .text.png_read_chunk_header
                0x800bdb84      0x158 c:/devkitPro/libogc/lib/wii\libpng.a(pngrutil.o)
                0x800bdb84                png_read_chunk_header
 .text.png_crc_read
                0x800bdcdc       0x58 c:/devkitPro/libogc/lib/wii\libpng.a(pngrutil.o)
                0x800bdcdc                png_crc_read
 .text.png_crc_finish
                0x800bdd34      0x20c c:/devkitPro/libogc/lib/wii\libpng.a(pngrutil.o)
                0x800bdd34                png_crc_finish
 .text.png_decompress_chunk
                0x800bdf40      0x1fc c:/devkitPro/libogc/lib/wii\libpng.a(pngrutil.o)
                0x800bdf40                png_decompress_chunk
 .text.png_handle_IHDR
                0x800be13c      0x200 c:/devkitPro/libogc/lib/wii\libpng.a(pngrutil.o)
                0x800be13c                png_handle_IHDR